[Licensing::Module] Trying to connect to existing licensing client channel...
Built from '6000.3/staging' branch; Version is '6000.3.9f1 (7a9955a4f2fa) revision 8034645'; Using compiler version '194234433'; Build Type 'Release'
OS: 'Windows 11  (10.0.26300) Professional' Language: 'en' Physical Memory: 32472 MB
BatchMode: 1, IsHumanControllingUs: 0, StartBugReporterOnCrash: 0, Is64bit: 1
System  architecture: x64
[Licensing::IpcConnector] Successfully connected to: "LicenseClient-user" at "2026-10-05T11:13:26.0878117Z"
Process architecture: x64
Date: 2026-10-05T11:13:26Z
[Licensing::Client] Code 10 while verifying Licensing Client signature (process Id: 15804, path: "C:/Program Files/Unity Hub/UnityLicensingClient_V1/Unity.Licensing.Client.exe")
[Licensing::Module] LicensingClient has failed validation; ignoring
[Licensing::Client] Handshaking with LicensingClient:
  Version:                 1.18.3+d7ffd15
  Session Id:              b8889d53ca214e468cbf284f6caf36b9
  Correlation Id:          88db6fc62bf4635f76f4d0b344b3fc2f
  External correlation Id: 4272689098659508565
  Machine Id:              VGd80PZ9QyCw0HDVca4dGQUCKdA=
[Licensing::Module] Successfully connected to LicensingClient on channel: "LicenseClient-user" (connect: 0.00s, validation: 0.00s, handshake: 0.06s)
[Licensing::IpcConnector] Successfully connected to: "LicenseClient-user-notifications" at "2026-10-05T11:13:26.1476277Z"
[Licensing::Module] Licensing Background thread has ended after 0.06s

COMMAND LINE ARGUMENTS:
C:\Program Files\Unity\Hub\Editor\6000.3.9f1\Editor\Unity.exe
-adb2
-batchMode
-noUpm
-name
AssetImportWorker0
-projectPath
D:/UnityProjects/DinoRunner
-logFile
Logs/AssetImportWorker0.log
-srvPort
59101
-licensingIpc
LicenseClient-user
-job-worker-count
7
-background-job-worker-count
8
-gc-helper-count
1
-name
AssetImport
Successfully changed project path to: D:/UnityProjects/DinoRunner
D:/UnityProjects/DinoRunner
[UnityMemory] Configuration Parameters - Can be set up in boot.config
    "memorysetup-temp-allocator-size-nav-mesh-worker=65536"
    "memorysetup-temp-allocator-size-audio-worker=65536"
    "memorysetup-temp-allocator-size-gfx=262144"
    "memorysetup-allocator-temp-initial-block-size-main=262144"
    "memorysetup-allocator-temp-initial-block-size-worker=262144"
    "memorysetup-temp-allocator-size-background-worker=32768"
    "memorysetup-temp-allocator-size-job-worker=262144"
    "memorysetup-temp-allocator-size-preload-manager=33554432"
    "memorysetup-temp-allocator-size-gi-baking-worker=262144"
    "memorysetup-temp-allocator-size-gi-baking-worker=262144"
    "memorysetup-temp-allocator-size-gi-baking-worker=262144"
    "memorysetup-temp-allocator-size-gi-baking-worker=262144"
    "memorysetup-temp-allocator-size-gi-baking-worker=262144"
    "memorysetup-bucket-allocator-granularity=16"
    "memorysetup-bucket-allocator-bucket-count=8"
    "memorysetup-bucket-allocator-block-size=33554432"
    "memorysetup-bucket-allocator-block-count=8"
    "memorysetup-main-allocator-block-size=16777216"
    "memorysetup-thread-allocator-block-size=16777216"
    "memorysetup-gfx-main-allocator-block-size=16777216"
    "memorysetup-gfx-thread-allocator-block-size=16777216"
    "memorysetup-cache-allocator-block-size=4194304"
    "memorysetup-typetree-allocator-block-size=2097152"
    "memorysetup-profiler-bucket-allocator-granularity=16"
    "memorysetup-profiler-bucket-allocator-bucket-count=8"
    "memorysetup-profiler-bucket-allocator-block-size=33554432"
    "memorysetup-profiler-bucket-allocator-block-count=8"
    "memorysetup-profiler-allocator-block-size=16777216"
    "memorysetup-profiler-editor-allocator-block-size=1048576"
    "memorysetup-temp-allocator-size-main=16777216"
    "memorysetup-job-temp-allocator-block-size=2097152"
    "memorysetup-job-temp-allocator-block-size-background=1048576"
    "memorysetup-job-temp-allocator-reduction-small-platforms=262144"
    "memorysetup-temp-allocator-size-cloud-worker=32768"
Player connection [20648]  Target information:

Player connection [20648]  * "[IP] 192.168.1.102 [Port] 0 [Flags] 2 [Guid] 279977549 [EditorId] 279977549 [Version] 1048832 [Id] WindowsEditor(7,fa1010011010LT) [Debug] 1 [PackageName] WindowsEditor [ProjectName] Editor" 

Player connection [20648] Host joined multi-casting on [225.0.0.222:54997]...
Player connection [20648] Host joined alternative multi-casting on [225.0.0.222:34997]...
JobSystem: Creating JobQueue using job-worker-count value 7
Input System module state changed to: Initialized.
[Physics::Module] Initialized fallback backend.
[Physics::Module] Id: 0xdecafbad
Library Redirect Path: Library/
[Physics::Module] Selected backend.
[Physics::Module] Name: PhysX
[Physics::Module] Id: 0xf2b8ea05
[Physics::Module] SDK Version: 4.1.2
[Physics::Module] Integration Version: 1.0.0
[Physics::Module] Threading Mode: Multi-Threaded
Active build profile path: `Assets/Settings/Build Profiles/Web.asset`
Got setting from build profile YAML, name `Color Space`, value `0`
Got setting from build profile YAML, name `m_BuildTarget`, value `20`
Got setting from build profile YAML, name `m_Subtarget`, value `0`
Refreshing native plugins compatible for Editor in 9.00 ms, found 5 plugins.
Preloading 0 native plugins for Editor in 0.00 ms.
Initialize engine version: 6000.3.9f1 (7a9955a4f2fa)
[Subsystems] Discovering subsystems at path C:/Program Files/Unity/Hub/Editor/6000.3.9f1/Editor/Data/Resources/UnitySubsystems
[Subsystems] Discovering subsystems at path D:/UnityProjects/DinoRunner/Assets
GfxDevice: creating device client; kGfxThreadingModeNonThreaded
Got setting from build profile YAML, name `Color Space`, value `0`
Got setting from build profile YAML, name `Color Space`, value `0`
Got setting from build profile YAML, name `Color Space`, value `0`
Got setting from build profile YAML, name `Color Space`, value `0`
Direct3D:
    Version:  Direct3D 11.0 [level 11.1]
    Renderer: NVIDIA GeForce RTX 3060 Laptop GPU (ID=0x2520)
    Vendor:   NVIDIA
    VRAM:     6009 MB
    Driver:   31.0.15.3667
Got setting from build profile YAML, name `Color Space`, value `0`
Got setting from build profile YAML, name `Color Space`, value `0`
Got setting from build profile YAML, name `Color Space`, value `0`
Got setting from build profile YAML, name `Color Space`, value `0`
Got setting from build profile YAML, name `Color Space`, value `0`
Got setting from build profile YAML, name `Color Space`, value `0`
Got setting from build profile YAML, name `Color Space`, value `0`
Got setting from build profile YAML, name `Color Space`, value `0`
Got setting from build profile YAML, name `Color Space`, value `0`
Got setting from build profile YAML, name `Color Space`, value `0`
Got setting from build profile YAML, name `Color Space`, value `0`
Got setting from build profile YAML, name `Color Space`, value `0`
Got setting from build profile YAML, name `Color Space`, value `0`
Got setting from build profile YAML, name `Color Space`, value `0`
Got setting from build profile YAML, name `Color Space`, value `0`
Got setting from build profile YAML, name `Color Space`, value `0`
Got setting from build profile YAML, name `Color Space`, value `0`
Got setting from build profile YAML, name `Color Space`, value `0`
Got setting from build profile YAML, name `Color Space`, value `0`
Got setting from build profile YAML, name `Color Space`, value `0`
Got setting from build profile YAML, name `Color Space`, value `0`
Got setting from build profile YAML, name `Color Space`, value `0`
Got setting from build profile YAML, name `Color Space`, value `0`
Got setting from build profile YAML, name `Color Space`, value `0`
Got setting from build profile YAML, name `Color Space`, value `0`
Got setting from build profile YAML, name `Color Space`, value `0`
Got setting from build profile YAML, name `Color Space`, value `0`
Got setting from build profile YAML, name `Color Space`, value `0`
Got setting from build profile YAML, name `Color Space`, value `0`
Got setting from build profile YAML, name `Color Space`, value `0`
Got setting from build profile YAML, name `Color Space`, value `0`
Got setting from build profile YAML, name `Color Space`, value `0`
Got setting from build profile YAML, name `Color Space`, value `0`
Got setting from build profile YAML, name `Color Space`, value `0`
Got setting from build profile YAML, name `Color Space`, value `0`
Got setting from build profile YAML, name `Color Space`, value `0`
Got setting from build profile YAML, name `Color Space`, value `0`
Got setting from build profile YAML, name `Color Space`, value `0`
Got setting from build profile YAML, name `Color Space`, value `0`
Got setting from build profile YAML, name `Color Space`, value `0`
Got setting from build profile YAML, name `Color Space`, value `0`
Got setting from build profile YAML, name `Color Space`, value `0`
Got setting from build profile YAML, name `Color Space`, value `0`
Got setting from build profile YAML, name `Color Space`, value `0`
Got setting from build profile YAML, name `Color Space`, value `0`
Got setting from build profile YAML, name `Color Space`, value `0`
Got setting from build profile YAML, name `Color Space`, value `0`
Got setting from build profile YAML, name `Color Space`, value `0`
Got setting from build profile YAML, name `Color Space`, value `0`
Got setting from build profile YAML, name `Color Space`, value `0`
Got setting from build profile YAML, name `Color Space`, value `0`
Got setting from build profile YAML, name `Color Space`, value `0`
Got setting from build profile YAML, name `Color Space`, value `0`
Got setting from build profile YAML, name `Color Space`, value `0`
Got setting from build profile YAML, name `Color Space`, value `0`
Got setting from build profile YAML, name `Color Space`, value `0`
Got setting from build profile YAML, name `Color Space`, value `0`
Got setting from build profile YAML, name `Color Space`, value `0`
Got setting from build profile YAML, name `Color Space`, value `0`
Got setting from build profile YAML, name `Color Space`, value `0`
Got setting from build profile YAML, name `Color Space`, value `0`
Got setting from build profile YAML, name `Color Space`, value `0`
Got setting from build profile YAML, name `Color Space`, value `0`
Got setting from build profile YAML, name `Color Space`, value `0`
Got setting from build profile YAML, name `Color Space`, value `0`
Got setting from build profile YAML, name `Color Space`, value `0`
Got setting from build profile YAML, name `Color Space`, value `0`
Got setting from build profile YAML, name `Color Space`, value `0`
Got setting from build profile YAML, name `Color Space`, value `0`
Got setting from build profile YAML, name `Color Space`, value `0`
Got setting from build profile YAML, name `Color Space`, value `0`
Got setting from build profile YAML, name `Color Space`, value `0`
Got setting from build profile YAML, name `Color Space`, value `0`
Got setting from build profile YAML, name `Color Space`, value `0`
Got setting from build profile YAML, name `Color Space`, value `0`
Got setting from build profile YAML, name `Color Space`, value `0`
Got setting from build profile YAML, name `Color Space`, value `0`
Got setting from build profile YAML, name `Color Space`, value `0`
Got setting from build profile YAML, name `Color Space`, value `0`
Got setting from build profile YAML, name `Color Space`, value `0`
Got setting from build profile YAML, name `Color Space`, value `0`
Got setting from build profile YAML, name `Color Space`, value `0`
Got setting from build profile YAML, name `Color Space`, value `0`
Got setting from build profile YAML, name `Color Space`, value `0`
Got setting from build profile YAML, name `Color Space`, value `0`
Got setting from build profile YAML, name `Color Space`, value `0`
Got setting from build profile YAML, name `Color Space`, value `0`
Got setting from build profile YAML, name `Color Space`, value `0`
Got setting from build profile YAML, name `Color Space`, value `0`
Got setting from build profile YAML, name `Color Space`, value `0`
Got setting from build profile YAML, name `Color Space`, value `0`
Got setting from build profile YAML, name `Color Space`, value `0`
Got setting from build profile YAML, name `Color Space`, value `0`
Got setting from build profile YAML, name `Color Space`, value `0`
Got setting from build profile YAML, name `Color Space`, value `0`
Got setting from build profile YAML, name `Color Space`, value `0`
Got setting from build profile YAML, name `Color Space`, value `0`
Got setting from build profile YAML, name `Color Space`, value `0`
Got setting from build profile YAML, name `Color Space`, value `0`
Got setting from build profile YAML, name `Color Space`, value `0`
Got setting from build profile YAML, name `Color Space`, value `0`
Got setting from build profile YAML, name `Color Space`, value `0`
Got setting from build profile YAML, name `Color Space`, value `0`
Got setting from build profile YAML, name `Color Space`, value `0`
Got setting from build profile YAML, name `Color Space`, value `0`
Got setting from build profile YAML, name `Color Space`, value `0`
Got setting from build profile YAML, name `Color Space`, value `0`
Got setting from build profile YAML, name `Color Space`, value `0`
Got setting from build profile YAML, name `Color Space`, value `0`
Got setting from build profile YAML, name `Color Space`, value `0`
Got setting from build profile YAML, name `Color Space`, value `0`
Got setting from build profile YAML, name `Color Space`, value `0`
Got setting from build profile YAML, name `Color Space`, value `0`
Initialize mono
Mono path[0] = 'C:/Program Files/Unity/Hub/Editor/6000.3.9f1/Editor/Data/Managed'
Mono path[1] = 'C:/Program Files/Unity/Hub/Editor/6000.3.9f1/Editor/Data/MonoBleedingEdge/lib/mono/unityjit-win32'
Mono config path = 'C:/Program Files/Unity/Hub/Editor/6000.3.9f1/Editor/Data/MonoBleedingEdge/etc'
Using monoOptions --debugger-agent=transport=dt_socket,embedding=1,server=y,suspend=n,address=127.0.0.1:56212
Begin MonoManager ReloadAssembly
Registering precompiled unity dll's ...
Register platform support module: C:/Program Files/Unity/Hub/Editor/6000.3.9f1/Editor/Data/PlaybackEngines/WebGLSupport/UnityEditor.WebGL.Extensions.dll
Register platform support module: C:/Program Files/Unity/Hub/Editor/6000.3.9f1/Editor/Data/PlaybackEngines/MacStandaloneSupport/UnityEditor.OSXStandalone.Extensions.dll
Register platform support module: C:/Program Files/Unity/Hub/Editor/6000.3.9f1/Editor/Data/PlaybackEngines/WindowsStandaloneSupport/UnityEditor.WindowsStandalone.Extensions.dll
[Licensing::Client] Successfully resolved entitlement details
[Licensing::Module] License group:
  Id: 10170606280880-UnityPersXXXX
  Product: Unity Personal
  Type: Assigned
  Expiration: Unlimited
Register platform support module: C:/Program Files/Unity/Hub/Editor/6000.3.9f1/Editor/Data/PlaybackEngines/MetroSupport/UnityEditor.UWP.Extensions.dll
[Licensing::Client] Successfully resolved entitlement details
Register platform support module: C:/Program Files/Unity/Hub/Editor/6000.3.9f1/Editor/Data/PlaybackEngines/AndroidPlayer/UnityEditor.Android.Extensions.dll
[Licensing::Client] Successfully resolved entitlement details
Register platform support module: C:/Program Files/Unity/Hub/Editor/6000.3.9f1/Editor/Data/PlaybackEngines/iOSSupport/UnityEditor.iOS.Extensions.dll
Registered in 0.014017 seconds.
- Loaded All Assemblies, in  0.368 seconds
[usbmuxd] Start listen thread
[usbmuxd] Listen thread started
Native extension for iOS target not found
Native extension for Android target not found
Android Extension - Scanning For ADB Devices 207 ms
Native extension for UWP target not found
Native extension for WindowsStandalone target not found
Native extension for OSXStandalone target not found
Native extension for WebGL target not found
Got setting from build profile YAML, name `Color Space`, value `0`
Got setting from build profile YAML, name `Color Space`, value `0`
Got setting from build profile YAML, name `Color Space`, value `0`
Got setting from build profile YAML, name `Color Space`, value `0`
Got setting from build profile YAML, name `Color Space`, value `0`
Got setting from build profile YAML, name `Color Space`, value `0`
Got setting from build profile YAML, name `Color Space`, value `0`
Got setting from build profile YAML, name `Color Space`, value `0`
Got setting from build profile YAML, name `Color Space`, value `0`
Got setting from build profile YAML, name `Color Space`, value `0`
Got setting from build profile YAML, name `Color Space`, value `0`
Got setting from build profile YAML, name `Color Space`, value `0`
Got setting from build profile YAML, name `Color Space`, value `0`
Got setting from build profile YAML, name `Color Space`, value `0`
Got setting from build profile YAML, name `Color Space`, value `0`
Got setting from build profile YAML, name `Color Space`, value `0`
Got setting from build profile YAML, name `Color Space`, value `0`
Got setting from build profile YAML, name `Color Space`, value `0`
Got setting from build profile YAML, name `Color Space`, value `0`
Got setting from build profile YAML, name `Color Space`, value `0`
Got setting from build profile YAML, name `Color Space`, value `0`
Got setting from build profile YAML, name `Color Space`, value `0`
Got setting from build profile YAML, name `Color Space`, value `0`
Got setting from build profile YAML, name `Color Space`, value `0`
Got setting from build profile YAML, name `Color Space`, value `0`
Got setting from build profile YAML, name `Color Space`, value `0`
Got setting from build profile YAML, name `Color Space`, value `0`
Got setting from build profile YAML, name `Color Space`, value `0`
Got setting from build profile YAML, name `Color Space`, value `0`
Got setting from build profile YAML, name `Color Space`, value `0`
Got setting from build profile YAML, name `Color Space`, value `0`
Got setting from build profile YAML, name `Color Space`, value `0`
Got setting from build profile YAML, name `Color Space`, value `0`
Got setting from build profile YAML, name `Color Space`, value `0`
Got setting from build profile YAML, name `Color Space`, value `0`
Got setting from build profile YAML, name `Color Space`, value `0`
Got setting from build profile YAML, name `Color Space`, value `0`
Got setting from build profile YAML, name `Color Space`, value `0`
Got setting from build profile YAML, name `Color Space`, value `0`
Got setting from build profile YAML, name `Color Space`, value `0`
Got setting from build profile YAML, name `Color Space`, value `0`
Got setting from build profile YAML, name `Color Space`, value `0`
Got setting from build profile YAML, name `Color Space`, value `0`
Got setting from build profile YAML, name `Color Space`, value `0`
Got setting from build profile YAML, name `Color Space`, value `0`
Got setting from build profile YAML, name `Color Space`, value `0`
Got setting from build profile YAML, name `Color Space`, value `0`
Got setting from build profile YAML, name `Color Space`, value `0`
Got setting from build profile YAML, name `Color Space`, value `0`
Got setting from build profile YAML, name `Color Space`, value `0`
Got setting from build profile YAML, name `Color Space`, value `0`
Got setting from build profile YAML, name `Color Space`, value `0`
Got setting from build profile YAML, name `Color Space`, value `0`
Got setting from build profile YAML, name `Color Space`, value `0`
Got setting from build profile YAML, name `Color Space`, value `0`
Got setting from build profile YAML, name `Color Space`, value `0`
Got setting from build profile YAML, name `Color Space`, value `0`
Got setting from build profile YAML, name `Color Space`, value `0`
Got setting from build profile YAML, name `Color Space`, value `0`
Got setting from build profile YAML, name `Color Space`, value `0`
Got setting from build profile YAML, name `Color Space`, value `0`
Got setting from build profile YAML, name `Color Space`, value `0`
Got setting from build profile YAML, name `Color Space`, value `0`
Got setting from build profile YAML, name `Color Space`, value `0`
Got setting from build profile YAML, name `Color Space`, value `0`
Got setting from build profile YAML, name `Color Space`, value `0`
ScheduleIndexationOnStartup MainProcess:False IndexOnStartup:True
Mono: successfully reloaded assembly
- Finished resetting the current domain, in  0.622 seconds
Domain Reload Profiling: 988ms
	BeginReloadAssembly (90ms)
		ExecutionOrderSort (0ms)
		DisableScriptedObjects (0ms)
		BackupInstance (0ms)
		ReleaseScriptingObjects (0ms)
		CreateAndSetChildDomain (1ms)
	RebuildCommonClasses (35ms)
	RebuildNativeTypeToScriptingClass (11ms)
	initialDomainReloadingComplete (58ms)
	LoadAllAssembliesAndSetupDomain (172ms)
		LoadAssemblies (89ms)
		RebuildTransferFunctionScriptingTraits (0ms)
		AnalyzeDomain (167ms)
			TypeCache.Refresh (165ms)
				TypeCache.ScanAssembly (152ms)
			BuildScriptInfoCaches (0ms)
			ResolveRequiredComponents (0ms)
	FinalizeReload (622ms)
		ReleaseScriptCaches (0ms)
		RebuildScriptCaches (0ms)
		SetupLoadedEditorAssemblies (587ms)
			LogAssemblyErrors (0ms)
			InitializePlatformSupportModulesInManaged (318ms)
			SetLoadedEditorAssemblies (4ms)
			BeforeProcessingInitializeOnLoad (69ms)
			ProcessInitializeOnLoadAttributes (128ms)
			ProcessInitializeOnLoadMethodAttributes (67ms)
			AfterProcessingInitializeOnLoad (0ms)
			EditorAssembliesLoaded (0ms)
		ExecutionOrderSort2 (0ms)
		AwakeInstancesAfterBackupRestoration (0ms)
========================================================================
Worker process is ready to serve import requests
Import Worker Mode flag is 0x00
Begin MonoManager ReloadAssembly
Got setting from build profile YAML, name `m_Development`, value `0`
[Licensing::Client] Successfully resolved entitlement details
Got setting from build profile YAML, name `Color Space`, value `0`
Got setting from build profile YAML, name `Color Space`, value `0`
Launched and connected shader compiler UnityShaderCompiler.exe after 0.01 seconds
- Loaded All Assemblies, in  0.684 seconds
Refreshing native plugins compatible for Editor in 1.77 ms, found 5 plugins.
Native extension for iOS target not found
Native extension for Android target not found
Native extension for UWP target not found
Native extension for WindowsStandalone target not found
Native extension for OSXStandalone target not found
Native extension for WebGL target not found
Package Manager log level set to [2]
[Package Manager] Failed to launch server process. Reason: Unity was launched with the -noUpm command-line argument
[Package Manager] Unable to send message (not connected to server process).
[Package Manager] Cannot connect to Unity Package Manager local server
ScheduleIndexationOnStartup MainProcess:False IndexOnStartup:True
Mono: successfully reloaded assembly
- Finished resetting the current domain, in  0.694 seconds
Domain Reload Profiling: 1376ms
	BeginReloadAssembly (238ms)
		ExecutionOrderSort (0ms)
		DisableScriptedObjects (71ms)
		BackupInstance (0ms)
		ReleaseScriptingObjects (0ms)
		CreateAndSetChildDomain (33ms)
	RebuildCommonClasses (33ms)
	RebuildNativeTypeToScriptingClass (11ms)
	initialDomainReloadingComplete (37ms)
	LoadAllAssembliesAndSetupDomain (363ms)
		LoadAssemblies (289ms)
		RebuildTransferFunctionScriptingTraits (0ms)
		AnalyzeDomain (135ms)
			TypeCache.Refresh (106ms)
				TypeCache.ScanAssembly (92ms)
			BuildScriptInfoCaches (23ms)
			ResolveRequiredComponents (3ms)
	FinalizeReload (694ms)
		ReleaseScriptCaches (0ms)
		RebuildScriptCaches (0ms)
		SetupLoadedEditorAssemblies (574ms)
			LogAssemblyErrors (0ms)
			InitializePlatformSupportModulesInManaged (13ms)
			SetLoadedEditorAssemblies (5ms)
			BeforeProcessingInitializeOnLoad (134ms)
			ProcessInitializeOnLoadAttributes (362ms)
			ProcessInitializeOnLoadMethodAttributes (54ms)
			AfterProcessingInitializeOnLoad (5ms)
			EditorAssembliesLoaded (0ms)
		ExecutionOrderSort2 (0ms)
		AwakeInstancesAfterBackupRestoration (20ms)
Refreshing native plugins compatible for Editor in 1.60 ms, found 5 plugins.
Preloading 0 native plugins for Editor in 0.00 ms.
Unloading 0 Unused Serialized files (Serialized files now loaded: 0)
Unloading 3018 unused Assets / (1.0 MB). Loaded Objects now: 3644.
Memory consumption went from 93.4 MB to 92.3 MB.
Total: 5.879500 ms (FindLiveObjects: 0.310900 ms CreateObjectMapping: 0.193900 ms MarkObjects: 4.545100 ms  DeleteObjects: 0.828700 ms)

========================================================================
Received Import Request.
  Time since last request: 361421.291960 seconds.
  path: Assets/Scripts/AnalyticsSystem/SessionTracker.cs
  artifactKey: Guid(ca41bf6e464b435c91e5ae3c2e75414b) Importer(2089858483,b0f066a214c2f5e87bad3c948f4d605d)
Start importing Assets/Scripts/AnalyticsSystem/SessionTracker.cs using Guid(ca41bf6e464b435c91e5ae3c2e75414b) Importer(2089858483,b0f066a214c2f5e87bad3c948f4d605d) (ScriptedImporter) -> (artifact id: '4743c1239bcc8f467d6bc4d8764c0b42') in 0.0826567 seconds
Number of updated asset objects reloaded before import = 0Number of asset objects unloaded after import = 0

========================================================================
Received Import Request.
  Time since last request: 2263.864352 seconds.
  path: Assets/Sprites/Parallax3.png
  artifactKey: Guid(8aa403f8f00390b48b2fdc2f2c618f79) Importer(2089858483,b0f066a214c2f5e87bad3c948f4d605d)
Start importing Assets/Sprites/Parallax3.png using Guid(8aa403f8f00390b48b2fdc2f2c618f79) Importer(2089858483,b0f066a214c2f5e87bad3c948f4d605d) (ScriptedImporter)[Licensing::Client] Successfully resolved entitlement details
[Licensing::Client] Successfully resolved entitlement details
[Licensing::Client] Successfully resolved entitlement details
 -> (artifact id: 'd1decae34e600b9dbe7d449975408f60') in 0.100535 seconds
Number of updated asset objects reloaded before import = 0Number of asset objects unloaded after import = 3

========================================================================
Received Prepare
Begin MonoManager ReloadAssembly
[Licensing::Client] Successfully resolved entitlement details
- Loaded All Assemblies, in  1.017 seconds
Refreshing native plugins compatible for Editor in 1.44 ms, found 5 plugins.
Native extension for iOS target not found
Native extension for Android target not found
Native extension for UWP target not found
Native extension for WindowsStandalone target not found
Native extension for OSXStandalone target not found
Native extension for WebGL target not found
[Package Manager] Failed to launch server process. Reason: Unity was launched with the -noUpm command-line argument
[Package Manager] Unable to send message (not connected to server process).
[Package Manager] Cannot connect to Unity Package Manager local server
ScheduleIndexationOnStartup MainProcess:False IndexOnStartup:True
Mono: successfully reloaded assembly
- Finished resetting the current domain, in  0.796 seconds
Domain Reload Profiling: 1810ms
	BeginReloadAssembly (367ms)
		ExecutionOrderSort (0ms)
		DisableScriptedObjects (90ms)
		BackupInstance (0ms)
		ReleaseScriptingObjects (1ms)
		CreateAndSetChildDomain (113ms)
	RebuildCommonClasses (39ms)
	RebuildNativeTypeToScriptingClass (15ms)
	initialDomainReloadingComplete (53ms)
	LoadAllAssembliesAndSetupDomain (540ms)
		LoadAssemblies (470ms)
		RebuildTransferFunctionScriptingTraits (0ms)
		AnalyzeDomain (163ms)
			TypeCache.Refresh (14ms)
				TypeCache.ScanAssembly (0ms)
			BuildScriptInfoCaches (140ms)
			ResolveRequiredComponents (4ms)
	FinalizeReload (796ms)
		ReleaseScriptCaches (0ms)
		RebuildScriptCaches (0ms)
		SetupLoadedEditorAssemblies (645ms)
			LogAssemblyErrors (0ms)
			InitializePlatformSupportModulesInManaged (13ms)
			SetLoadedEditorAssemblies (4ms)
			BeforeProcessingInitializeOnLoad (169ms)
			ProcessInitializeOnLoadAttributes (401ms)
			ProcessInitializeOnLoadMethodAttributes (53ms)
			AfterProcessingInitializeOnLoad (5ms)
			EditorAssembliesLoaded (0ms)
		ExecutionOrderSort2 (0ms)
		AwakeInstancesAfterBackupRestoration (20ms)
Refreshing native plugins compatible for Editor in 2.66 ms, found 5 plugins.
Preloading 0 native plugins for Editor in 0.00 ms.
Unloading 0 Unused Serialized files (Serialized files now loaded: 0)
Unloading 3014 unused Assets / (0.8 MB). Loaded Objects now: 3650.
Memory consumption went from 93.7 MB to 92.9 MB.
Total: 6.308900 ms (FindLiveObjects: 0.406700 ms CreateObjectMapping: 0.274800 ms MarkObjects: 4.814800 ms  DeleteObjects: 0.811100 ms)

Prepare: number of updated asset objects reloaded= 0
========================================================================
Received Prepare
Begin MonoManager ReloadAssembly
[Licensing::Client] Successfully resolved entitlement details
- Loaded All Assemblies, in  4.516 seconds
Refreshing native plugins compatible for Editor in 1.86 ms, found 5 plugins.
Native extension for iOS target not found
Native extension for Android target not found
Native extension for UWP target not found
Native extension for WindowsStandalone target not found
Native extension for OSXStandalone target not found
Native extension for WebGL target not found
[Package Manager] Failed to launch server process. Reason: Unity was launched with the -noUpm command-line argument
[Package Manager] Unable to send message (not connected to server process).
[Package Manager] Cannot connect to Unity Package Manager local server
ScheduleIndexationOnStartup MainProcess:False IndexOnStartup:True
[Licensing::Client] Successfully resolved entitlement details
Mono: successfully reloaded assembly
- Finished resetting the current domain, in  0.941 seconds
Domain Reload Profiling: 5458ms
	BeginReloadAssembly (296ms)
		ExecutionOrderSort (0ms)
		DisableScriptedObjects (45ms)
		BackupInstance (0ms)
		ReleaseScriptingObjects (0ms)
		CreateAndSetChildDomain (78ms)
	RebuildCommonClasses (140ms)
	RebuildNativeTypeToScriptingClass (12ms)
	initialDomainReloadingComplete (29ms)
	LoadAllAssembliesAndSetupDomain (4040ms)
		LoadAssemblies (3922ms)
		RebuildTransferFunctionScriptingTraits (0ms)
		AnalyzeDomain (224ms)
			TypeCache.Refresh (11ms)
				TypeCache.ScanAssembly (0ms)
			BuildScriptInfoCaches (205ms)
			ResolveRequiredComponents (4ms)
	FinalizeReload (941ms)
		ReleaseScriptCaches (0ms)
		RebuildScriptCaches (0ms)
		SetupLoadedEditorAssemblies (750ms)
			LogAssemblyErrors (0ms)
			InitializePlatformSupportModulesInManaged (18ms)
			SetLoadedEditorAssemblies (6ms)
			BeforeProcessingInitializeOnLoad (189ms)
			ProcessInitializeOnLoadAttributes (463ms)
			ProcessInitializeOnLoadMethodAttributes (67ms)
			AfterProcessingInitializeOnLoad (6ms)
			EditorAssembliesLoaded (1ms)
		ExecutionOrderSort2 (0ms)
		AwakeInstancesAfterBackupRestoration (33ms)
Refreshing native plugins compatible for Editor in 2.37 ms, found 5 plugins.
Preloading 0 native plugins for Editor in 0.00 ms.
Unloading 0 Unused Serialized files (Serialized files now loaded: 0)
Unloading 3014 unused Assets / (0.8 MB). Loaded Objects now: 3653.
Memory consumption went from 93.7 MB to 93.0 MB.
Total: 9.181900 ms (FindLiveObjects: 0.542900 ms CreateObjectMapping: 0.238800 ms MarkObjects: 7.380700 ms  DeleteObjects: 1.018100 ms)

Prepare: number of updated asset objects reloaded= 0
========================================================================
Received Prepare
Begin MonoManager ReloadAssembly
- Loaded All Assemblies, in  0.682 seconds
Refreshing native plugins compatible for Editor in 1.73 ms, found 5 plugins.
Native extension for iOS target not found
Native extension for Android target not found
Native extension for UWP target not found
Native extension for WindowsStandalone target not found
Native extension for OSXStandalone target not found
Native extension for WebGL target not found
[Package Manager] Failed to launch server process. Reason: Unity was launched with the -noUpm command-line argument
[Package Manager] Unable to send message (not connected to server process).
[Package Manager] Cannot connect to Unity Package Manager local server
ScheduleIndexationOnStartup MainProcess:False IndexOnStartup:True
Mono: successfully reloaded assembly
- Finished resetting the current domain, in  0.723 seconds
Domain Reload Profiling: 1405ms
	BeginReloadAssembly (248ms)
		ExecutionOrderSort (0ms)
		DisableScriptedObjects (58ms)
		BackupInstance (0ms)
		ReleaseScriptingObjects (0ms)
		CreateAndSetChildDomain (66ms)
	RebuildCommonClasses (34ms)
	RebuildNativeTypeToScriptingClass (13ms)
	initialDomainReloadingComplete (28ms)
	LoadAllAssembliesAndSetupDomain (359ms)
		LoadAssemblies (316ms)
		RebuildTransferFunctionScriptingTraits (0ms)
		AnalyzeDomain (113ms)
			TypeCache.Refresh (7ms)
				TypeCache.ScanAssembly (0ms)
			BuildScriptInfoCaches (99ms)
			ResolveRequiredComponents (4ms)
	FinalizeReload (724ms)
		ReleaseScriptCaches (0ms)
		RebuildScriptCaches (0ms)
		SetupLoadedEditorAssemblies (586ms)
			LogAssemblyErrors (0ms)
			InitializePlatformSupportModulesInManaged (15ms)
			SetLoadedEditorAssemblies (4ms)
			BeforeProcessingInitializeOnLoad (161ms)
			ProcessInitializeOnLoadAttributes (349ms)
			ProcessInitializeOnLoadMethodAttributes (51ms)
			AfterProcessingInitializeOnLoad (5ms)
			EditorAssembliesLoaded (0ms)
		ExecutionOrderSort2 (0ms)
		AwakeInstancesAfterBackupRestoration (19ms)
Refreshing native plugins compatible for Editor in 1.39 ms, found 5 plugins.
Preloading 0 native plugins for Editor in 0.00 ms.
Unloading 0 Unused Serialized files (Serialized files now loaded: 0)
Unloading 3014 unused Assets / (0.7 MB). Loaded Objects now: 3656.
Memory consumption went from 93.8 MB to 93.1 MB.
Total: 5.809200 ms (FindLiveObjects: 0.399000 ms CreateObjectMapping: 0.257700 ms MarkObjects: 4.492200 ms  DeleteObjects: 0.659800 ms)

Prepare: number of updated asset objects reloaded= 0
========================================================================
Received Prepare
Begin MonoManager ReloadAssembly
- Loaded All Assemblies, in  0.635 seconds
Refreshing native plugins compatible for Editor in 1.85 ms, found 5 plugins.
Native extension for iOS target not found
Native extension for Android target not found
Native extension for UWP target not found
Native extension for WindowsStandalone target not found
Native extension for OSXStandalone target not found
Native extension for WebGL target not found
[Package Manager] Failed to launch server process. Reason: Unity was launched with the -noUpm command-line argument
[Package Manager] Unable to send message (not connected to server process).
[Package Manager] Cannot connect to Unity Package Manager local server
ScheduleIndexationOnStartup MainProcess:False IndexOnStartup:True
Mono: successfully reloaded assembly
- Finished resetting the current domain, in  0.800 seconds
Domain Reload Profiling: 1436ms
	BeginReloadAssembly (211ms)
		ExecutionOrderSort (0ms)
		DisableScriptedObjects (51ms)
		BackupInstance (0ms)
		ReleaseScriptingObjects (0ms)
		CreateAndSetChildDomain (48ms)
	RebuildCommonClasses (36ms)
	RebuildNativeTypeToScriptingClass (13ms)
	initialDomainReloadingComplete (29ms)
	LoadAllAssembliesAndSetupDomain (346ms)
		LoadAssemblies (307ms)
		RebuildTransferFunctionScriptingTraits (0ms)
		AnalyzeDomain (109ms)
			TypeCache.Refresh (9ms)
				TypeCache.ScanAssembly (0ms)
			BuildScriptInfoCaches (93ms)
			ResolveRequiredComponents (3ms)
	FinalizeReload (801ms)
		ReleaseScriptCaches (0ms)
		RebuildScriptCaches (0ms)
		SetupLoadedEditorAssemblies (652ms)
			LogAssemblyErrors (0ms)
			InitializePlatformSupportModulesInManaged (12ms)
			SetLoadedEditorAssemblies (4ms)
			BeforeProcessingInitializeOnLoad (171ms)
			ProcessInitializeOnLoadAttributes (392ms)
			ProcessInitializeOnLoadMethodAttributes (66ms)
			AfterProcessingInitializeOnLoad (5ms)
			EditorAssembliesLoaded (0ms)
		ExecutionOrderSort2 (0ms)
		AwakeInstancesAfterBackupRestoration (24ms)
Refreshing native plugins compatible for Editor in 2.08 ms, found 5 plugins.
Preloading 0 native plugins for Editor in 0.00 ms.
Unloading 0 Unused Serialized files (Serialized files now loaded: 0)
Unloading 3014 unused Assets / (0.9 MB). Loaded Objects now: 3659.
Memory consumption went from 93.8 MB to 92.9 MB.
Total: 8.149100 ms (FindLiveObjects: 0.381300 ms CreateObjectMapping: 0.255800 ms MarkObjects: 6.602600 ms  DeleteObjects: 0.908200 ms)

Prepare: number of updated asset objects reloaded= 0
========================================================================
Received Prepare
Refreshing native plugins compatible for Editor in 3.20 ms, found 5 plugins.
Preloading 0 native plugins for Editor in 0.00 ms.
Unloading 0 Unused Serialized files (Serialized files now loaded: 0)
Unloading 2994 unused Assets / (1.2 MB). Loaded Objects now: 3657.
Memory consumption went from 93.7 MB to 92.6 MB.
Total: 10.925000 ms (FindLiveObjects: 0.608200 ms CreateObjectMapping: 0.257600 ms MarkObjects: 6.326200 ms  DeleteObjects: 3.731700 ms)

Prepare: number of updated asset objects reloaded= 0
GetManagerFromContext: pointer to object of manager 'PlayerSettings' is NULL (table index 0)
Fatal Error! GetManagerFromContext: pointer to object of manager 'PlayerSettings' is NULL (table index 0)
Crash!!!
SymInit: Symbol-SearchPath: 'C:/Program Files/Unity/Hub/Editor/6000.3.9f1/Editor/Data/Mono;.;D:\UnityProjects\DinoRunner;D:\UnityProjects\DinoRunner\Library\BurstCache\JIT;C:\Program Files\Unity\Hub\Editor\6000.3.9f1\Editor;C:\WINDOWS;C:\WINDOWS\system32;', symOptions: 534, UserName: 'user'
OS-Version: 10.0.0
C:\Program Files\Unity\Hub\Editor\6000.3.9f1\Editor\Unity.exe:Unity.exe (00007FF624600000), size: 290816 (result: 0), SymType: '-deferred-', PDB: '', fileVersion: 6000.3.9.39253
C:\WINDOWS\SYSTEM32\ntdll.dll:ntdll.dll (00007FF861E80000), size: 2519040 (result: 0), SymType: '-deferred-', PDB: '', fileVersion: 10.0.26100.9549
C:\WINDOWS\System32\KERNEL32.DLL:KERNEL32.DLL (00007FF8610E0000), size: 831488 (result: 0), SymType: '-deferred-', PDB: '', fileVersion: 10.0.26100.9549
C:\WINDOWS\System32\KERNELBASE.dll:KERNELBASE.dll (00007FF85F790000), size: 4198400 (result: 0), SymType: '-deferred-', PDB: '', fileVersion: 10.0.26100.9549
C:\WINDOWS\System32\USER32.dll:USER32.dll (00007FF860870000), size: 1929216 (result: 0), SymType: '-deferred-', PDB: '', fileVersion: 10.0.26100.9549
C:\WINDOWS\System32\win32u.dll:win32u.dll (00007FF85F420000), size: 159744 (result: 0), SymType: '-deferred-', PDB: '', fileVersion: 10.0.26100.9549
C:\WINDOWS\System32\GDI32.dll:GDI32.dll (00007FF861640000), size: 176128 (result: 0), SymType: '-deferred-', PDB: '', fileVersion: 10.0.26100.8328
C:\WINDOWS\System32\gdi32full.dll:gdi32full.dll (00007FF85F660000), size: 1212416 (result: 0), SymType: '-deferred-', PDB: '', fileVersion: 10.0.26100.9549
C:\WINDOWS\System32\msvcp_win.dll:msvcp_win.dll (00007FF85F450000), size: 667648 (result: 0), SymType: '-deferred-', PDB: '', fileVersion: 10.0.26100.9444
C:\WINDOWS\System32\ucrtbase.dll:ucrtbase.dll (00007FF85F500000), size: 1359872 (result: 0), SymType: '-deferred-', PDB: '', fileVersion: 10.0.26100.9444
C:\WINDOWS\System32\IMM32.DLL:IMM32.DLL (00007FF860AE0000), size: 200704 (result: 0), SymType: '-deferred-', PDB: '', fileVersion: 10.0.26100.9278
C:\Program Files\Unity\Hub\Editor\6000.3.9f1\Editor\Unity.dll:Unity.dll (00007FFF62DC0000), size: 91811840 (result: 0), SymType: '-deferred-', PDB: '', fileVersion: 6000.3.9.39253
C:\WINDOWS\System32\CRYPT32.dll:CRYPT32.dll (00007FF85F140000), size: 1568768 (result: 0), SymType: '-deferred-', PDB: '', fileVersion: 10.0.26100.9549
C:\WINDOWS\System32\ADVAPI32.dll:ADVAPI32.dll (00007FF85FE40000), size: 765952 (result: 0), SymType: '-deferred-', PDB: '', fileVersion: 10.0.26100.9549
C:\WINDOWS\System32\msvcrt.dll:msvcrt.dll (00007FF8613C0000), size: 692224 (result: 0), SymType: '-deferred-', PDB: '', fileVersion: 7.0.26100.9444
C:\WINDOWS\System32\sechost.dll:sechost.dll (00007FF861D90000), size: 688128 (result: 0), SymType: '-deferred-', PDB: '', fileVersion: 10.0.26100.9549
C:\Program Files\Unity\Hub\Editor\6000.3.9f1\Editor\s3tcompress.dll:s3tcompress.dll (00007FF8001A0000), size: 180224 (result: 0), SymType: '-deferred-', PDB: ''
C:\Program Files\Unity\Hub\Editor\6000.3.9f1\Editor\libfbxsdk.dll:libfbxsdk.dll (00007FFF80520000), size: 8019968 (result: 0), SymType: '-deferred-', PDB: '', fileVersion: 2020.3.7.0
C:\WINDOWS\System32\RPCRT4.dll:RPCRT4.dll (00007FF861670000), size: 1146880 (result: 0), SymType: '-deferred-', PDB: '', fileVersion: 10.0.26100.9549
C:\Program Files\Unity\Hub\Editor\6000.3.9f1\Editor\ispc_texcomp.dll:ispc_texcomp.dll (00007FFF7FE80000), size: 1826816 (result: 0), SymType: '-deferred-', PDB: ''
C:\Program Files\Unity\Hub\Editor\6000.3.9f1\Editor\FreeImage.dll:FreeImage.dll (0000000180000000), size: 5332992 (result: 0), SymType: '-deferred-', PDB: '', fileVersion: 3.18.0.0
C:\Program Files\Unity\Hub\Editor\6000.3.9f1\Editor\compress_bc7e.dll:compress_bc7e.dll (00007FFF7FAC0000), size: 1433600 (result: 0), SymType: '-deferred-', PDB: ''
C:\WINDOWS\System32\ole32.dll:ole32.dll (00007FF85FBA0000), size: 1679360 (result: 0), SymType: '-deferred-', PDB: '', fileVersion: 10.0.26100.9549
C:\WINDOWS\System32\WS2_32.dll:WS2_32.dll (00007FF860A50000), size: 528384 (result: 0), SymType: '-deferred-', PDB: '', fileVersion: 10.0.26100.9549
C:\WINDOWS\System32\combase.dll:combase.dll (00007FF860B70000), size: 3710976 (result: 0), SymType: '-deferred-', PDB: '', fileVersion: 10.0.26100.9549
C:\Program Files\Unity\Hub\Editor\6000.3.9f1\Editor\WinPixEventRuntime.dll:WinPixEventRuntime.dll (00007FF8250D0000), size: 57344 (result: 0), SymType: '-deferred-', PDB: '', fileVersion: 1.0.2403.8001
C:\Program Files\Unity\Hub\Editor\6000.3.9f1\Editor\umbraoptimizer64.dll:umbraoptimizer64.dll (00007FFF7FD50000), size: 1187840 (result: 0), SymType: '-deferred-', PDB: ''
C:\WINDOWS\System32\SETUPAPI.dll:SETUPAPI.dll (00007FF861790000), size: 4747264 (result: 0), SymType: '-deferred-', PDB: '', fileVersion: 10.0.26100.9549
C:\WINDOWS\System32\SHELL32.dll:SHELL32.dll (00007FF85FF40000), size: 7979008 (result: 0), SymType: '-deferred-', PDB: '', fileVersion: 10.0.26100.9549
C:\WINDOWS\SYSTEM32\MSVCP140.dll:MSVCP140.dll (00007FFF7FA20000), size: 643072 (result: 0), SymType: '-deferred-', PDB: '', fileVersion: 14.51.36247.0
C:\WINDOWS\System32\SHLWAPI.dll:SHLWAPI.dll (00007FF861350000), size: 417792 (result: 0), SymType: '-deferred-', PDB: '', fileVersion: 10.0.26100.9549
C:\WINDOWS\SYSTEM32\VCRUNTIME140_1.dll:VCRUNTIME140_1.dll (00007FF824D10000), size: 49152 (result: 0), SymType: '-deferred-', PDB: '', fileVersion: 14.51.36247.0
C:\WINDOWS\SYSTEM32\VCRUNTIME140.dll:VCRUNTIME140.dll (00007FFFA4A50000), size: 180224 (result: 0), SymType: '-deferred-', PDB: '', fileVersion: 14.51.36247.0
C:\WINDOWS\System32\OLEAUT32.dll:OLEAUT32.dll (00007FF861270000), size: 888832 (result: 0), SymType: '-deferred-', PDB: '', fileVersion: 10.0.26100.9549
C:\WINDOWS\System32\WINTRUST.dll:WINTRUST.dll (00007FF85F2D0000), size: 532480 (result: 0), SymType: '-deferred-', PDB: '', fileVersion: 10.0.26100.9549
C:\WINDOWS\SYSTEM32\bcrypt.dll:bcrypt.dll (00007FF85EF60000), size: 172032 (result: 0), SymType: '-deferred-', PDB: '', fileVersion: 10.0.26100.9549
C:\WINDOWS\WinSxS\amd64_microsoft.windows.common-controls_6595b64144ccf1df_6.0.26100.9549_none_3e0a0396e3330090\COMCTL32.dll:COMCTL32.dll (00007FF842860000), size: 2686976 (result: 0), SymType: '-deferred-', PDB: '', fileVersion: 6.10.26100.9549
C:\Program Files\Unity\Hub\Editor\6000.3.9f1\Editor\etccompress.dll:etccompress.dll (00007FFF80040000), size: 5070848 (result: 0), SymType: '-deferred-', PDB: ''
C:\WINDOWS\SYSTEM32\d3d11.dll:d3d11.dll (00007FF85ABE0000), size: 2486272 (result: 0), SymType: '-deferred-', PDB: '', fileVersion: 10.0.26100.9549
C:\WINDOWS\SYSTEM32\d3d12.dll:d3d12.dll (00007FF806340000), size: 143360 (result: 0), SymType: '-deferred-', PDB: '', fileVersion: 10.0.26100.9549
C:\WINDOWS\SYSTEM32\dwmapi.dll:dwmapi.dll (00007FF85BDB0000), size: 188416 (result: 0), SymType: '-deferred-', PDB: '', fileVersion: 10.0.26100.9549
C:\WINDOWS\SYSTEM32\HID.DLL:HID.DLL (00007FF85D3A0000), size: 61440 (result: 0), SymType: '-deferred-', PDB: '', fileVersion: 10.0.26100.1150
C:\WINDOWS\SYSTEM32\dxgi.dll:dxgi.dll (00007FF85BC50000), size: 1290240 (result: 0), SymType: '-deferred-', PDB: '', fileVersion: 10.0.26100.9549
C:\WINDOWS\SYSTEM32\OPENGL32.dll:OPENGL32.dll (00007FFFB9410000), size: 1097728 (result: 0), SymType: '-deferred-', PDB: '', fileVersion: 10.0.26100.9278
C:\WINDOWS\SYSTEM32\IPHLPAPI.DLL:IPHLPAPI.DLL (00007FF85D7A0000), size: 208896 (result: 0), SymType: '-deferred-', PDB: '', fileVersion: 10.0.26100.9278
C:\WINDOWS\SYSTEM32\WINHTTP.dll:WINHTTP.dll (00007FF853D40000), size: 1220608 (result: 0), SymType: '-deferred-', PDB: '', fileVersion: 10.0.26100.9549
C:\WINDOWS\SYSTEM32\WINMM.dll:WINMM.dll (00007FF854290000), size: 225280 (result: 0), SymType: '-deferred-', PDB: '', fileVersion: 10.0.26100.9549
C:\WINDOWS\SYSTEM32\GLU32.dll:GLU32.dll (00007FFFBACD0000), size: 233472 (result: 0), SymType: '-deferred-', PDB: '', fileVersion: 10.0.26100.9549
C:\Program Files\Unity\Hub\Editor\6000.3.9f1\Editor\SketchUpAPI.dll:SketchUpAPI.dll (00007FFF7F180000), size: 8990720 (result: 0), SymType: '-deferred-', PDB: '', fileVersion: 23.0.0.0
C:\WINDOWS\SYSTEM32\VERSION.dll:VERSION.dll (00007FF84D350000), size: 45056 (result: 0), SymType: '-deferred-', PDB: '', fileVersion: 10.0.26100.1150
C:\Program Files\Unity\Hub\Editor\6000.3.9f1\Editor\NativeProxyHelper.dll:NativeProxyHelper.dll (00007FFF7EFC0000), size: 1789952 (result: 0), SymType: '-deferred-', PDB: ''
C:\WINDOWS\SYSTEM32\WSOCK32.dll:WSOCK32.dll (00007FF84ABF0000), size: 40960 (result: 0), SymType: '-deferred-', PDB: '', fileVersion: 10.0.26100.1
C:\WINDOWS\SYSTEM32\powrprof.dll:powrprof.dll (00007FF85EEF0000), size: 385024 (result: 0), SymType: '-deferred-', PDB: '', fileVersion: 10.0.26100.3912
C:\Program Files\Unity\Hub\Editor\6000.3.9f1\Editor\SketchUpCommonPreferences.dll:SketchUpCommonPreferences.dll (00007FFFA43F0000), size: 499712 (result: 0), SymType: '-deferred-', PDB: '', fileVersion: 23.0.0.0
C:\WINDOWS\SYSTEM32\Secur32.dll:Secur32.dll (00007FF859E90000), size: 53248 (result: 0), SymType: '-deferred-', PDB: '', fileVersion: 10.0.26100.7705
C:\WINDOWS\SYSTEM32\dxcore.dll:dxcore.dll (00007FF85BC00000), size: 278528 (result: 0), SymType: '-deferred-', PDB: '', fileVersion: 10.0.26100.9549
C:\WINDOWS\SYSTEM32\SSPICLI.DLL:SSPICLI.DLL (00007FF85DFE0000), size: 299008 (result: 0), SymType: '-deferred-', PDB: '', fileVersion: 10.0.26100.9549
C:\Program Files\Unity\Hub\Editor\6000.3.9f1\Editor\OpenRL.dll:OpenRL.dll (000001FA6B7C0000), size: 12779520 (result: 0), SymType: '-deferred-', PDB: '', fileVersion: 1.5.0.2907
C:\WINDOWS\SYSTEM32\MSVCP100.dll:MSVCP100.dll (0000000071570000), size: 622592 (result: 0), SymType: '-deferred-', PDB: '', fileVersion: 10.0.40219.325
C:\Program Files\Unity\Hub\Editor\6000.3.9f1\Editor\embree.dll:embree.dll (00007FFF7D820000), size: 16711680 (result: 0), SymType: '-deferred-', PDB: '', fileVersion: 2.14.0.0
C:\WINDOWS\SYSTEM32\MSVCR100.dll:MSVCR100.dll (0000000071490000), size: 860160 (result: 0), SymType: '-deferred-', PDB: '', fileVersion: 10.0.40219.325
C:\WINDOWS\SYSTEM32\cfgmgr32.DLL:cfgmgr32.DLL (00007FF85EBD0000), size: 335872 (result: 0), SymType: '-deferred-', PDB: '', fileVersion: 10.0.26100.9549
C:\Program Files\Unity\Hub\Editor\6000.3.9f1\Editor\tbb.dll:tbb.dll (00007FFFE2220000), size: 303104 (result: 0), SymType: '-deferred-', PDB: '', fileVersion: 2020.3.2022.1111
C:\WINDOWS\SYSTEM32\MSWSOCK.DLL:MSWSOCK.DLL (00007FF85E2E0000), size: 442368 (result: 0), SymType: '-deferred-', PDB: '', fileVersion: 10.0.26100.9549
C:\Program Files\Unity\Hub\Editor\6000.3.9f1\Editor\OpenRL_pthread.dll:OpenRL_pthread.dll (000001FA6A390000), size: 61440 (result: 0), SymType: '-deferred-', PDB: '', fileVersion: 2.9.0.0
C:\WINDOWS\SYSTEM32\UMPDC.dll:UMPDC.dll (00007FF85EED0000), size: 86016 (result: 0), SymType: '-deferred-', PDB: '', fileVersion: 10.0.26100.8972
C:\WINDOWS\SYSTEM32\MSASN1.dll:MSASN1.dll (00007FF85E740000), size: 77824 (result: 0), SymType: '-deferred-', PDB: '', fileVersion: 10.0.26100.9444
C:\WINDOWS\System32\bcryptprimitives.dll:bcryptprimitives.dll (00007FF85F080000), size: 704512 (result: 0), SymType: '-deferred-', PDB: '', fileVersion: 10.0.26100.9549
C:\WINDOWS\SYSTEM32\kernel.appcore.dll:kernel.appcore.dll (00007FF85DD20000), size: 110592 (result: 0), SymType: '-deferred-', PDB: '', fileVersion: 10.0.26100.9278
C:\WINDOWS\system32\uxtheme.dll:uxtheme.dll (00007FF85BB20000), size: 684032 (result: 0), SymType: '-deferred-', PDB: '', fileVersion: 10.0.26100.9549
C:\WINDOWS\SYSTEM32\windows.storage.dll:windows.storage.dll (00007FF85CAE0000), size: 9097216 (result: 0), SymType: '-deferred-', PDB: '', fileVersion: 10.0.26100.9549
C:\WINDOWS\System32\SHCORE.dll:SHCORE.dll (00007FF85FD40000), size: 1019904 (result: 0), SymType: '-deferred-', PDB: '', fileVersion: 10.0.26100.9549
C:\WINDOWS\SYSTEM32\profapi.dll:profapi.dll (00007FF85EF90000), size: 167936 (result: 0), SymType: '-deferred-', PDB: '', fileVersion: 10.0.26100.9549
C:\WINDOWS\System32\clbcatq.dll:clbcatq.dll (00007FF8611B0000), size: 712704 (result: 0), SymType: '-deferred-', PDB: '', fileVersion: 2001.12.10941.16384
C:\WINDOWS\SYSTEM32\CRYPTSP.dll:CRYPTSP.dll (00007FF85E5D0000), size: 110592 (result: 0), SymType: '-deferred-', PDB: '', fileVersion: 10.0.26100.9444
C:\WINDOWS\system32\IconCodecService.dll:IconCodecService.dll (00007FF839B10000), size: 45056 (result: 0), SymType: '-deferred-', PDB: '', fileVersion: 10.0.26100.1
C:\WINDOWS\SYSTEM32\WindowsCodecs.dll:WindowsCodecs.dll (00007FF85A360000), size: 2326528 (result: 0), SymType: '-deferred-', PDB: '', fileVersion: 10.0.26100.9549
C:\WINDOWS\system32\wbem\wbemprox.dll:wbemprox.dll (00007FF84B840000), size: 73728 (result: 0), SymType: '-deferred-', PDB: '', fileVersion: 10.0.26100.9549
C:\WINDOWS\SYSTEM32\wbemcomn.dll:wbemcomn.dll (00007FF844530000), size: 499712 (result: 0), SymType: '-deferred-', PDB: '', fileVersion: 10.0.26100.7920
C:\WINDOWS\system32\rsaenh.dll:rsaenh.dll (00007FF85DC80000), size: 233472 (result: 0), SymType: '-deferred-', PDB: '', fileVersion: 10.0.26100.7705
C:\WINDOWS\SYSTEM32\CRYPTBASE.dll:CRYPTBASE.dll (00007FF85E5F0000), size: 49152 (result: 0), SymType: '-deferred-', PDB: '', fileVersion: 10.0.26100.9444
C:\WINDOWS\System32\netprofm.dll:netprofm.dll (00007FF853CA0000), size: 450560 (result: 0), SymType: '-deferred-', PDB: '', fileVersion: 10.0.26100.9549
C:\WINDOWS\System32\imagehlp.dll:imagehlp.dll (00007FF85FF00000), size: 131072 (result: 0), SymType: '-deferred-', PDB: '', fileVersion: 10.0.26100.4202
C:\WINDOWS\system32\wbem\wbemsvc.dll:wbemsvc.dll (00007FF8439D0000), size: 86016 (result: 0), SymType: '-deferred-', PDB: '', fileVersion: 10.0.26100.9549
C:\WINDOWS\System32\npmproxy.dll:npmproxy.dll (00007FF84D650000), size: 102400 (result: 0), SymType: '-deferred-', PDB: '', fileVersion: 10.0.26100.9278
C:\WINDOWS\system32\wbem\fastprox.dll:fastprox.dll (00007FF8439F0000), size: 1003520 (result: 0), SymType: '-deferred-', PDB: '', fileVersion: 10.0.26100.9549
C:\WINDOWS\SYSTEM32\amsi.dll:amsi.dll (00007FF847E40000), size: 118784 (result: 0), SymType: '-deferred-', PDB: '', fileVersion: 10.0.26100.7309
C:\WINDOWS\SYSTEM32\USERENV.dll:USERENV.dll (00007FF85E390000), size: 212992 (result: 0), SymType: '-deferred-', PDB: '', fileVersion: 10.0.26100.9549
C:\ProgramData\Microsoft\Windows Defender\Platform\4.18.26080.4-0\MpOav.dll:MpOav.dll (00007FF830FE0000), size: 671744 (result: 0), SymType: '-deferred-', PDB: '', fileVersion: 4.18.26080.4
C:\WINDOWS\SYSTEM32\gpapi.dll:gpapi.dll (00007FF85E360000), size: 151552 (result: 0), SymType: '-deferred-', PDB: '', fileVersion: 10.0.26100.9549
C:\Windows\System32\cryptnet.dll:cryptnet.dll (00007FF84D310000), size: 241664 (result: 0), SymType: '-deferred-', PDB: '', fileVersion: 10.0.26100.9549
C:\WINDOWS\SYSTEM32\WINNSI.DLL:WINNSI.DLL (00007FF8573B0000), size: 57344 (result: 0), SymType: '-deferred-', PDB: '', fileVersion: 10.0.26100.9444
C:\WINDOWS\System32\NSI.dll:NSI.dll (00007FF861500000), size: 40960 (result: 0), SymType: '-deferred-', PDB: '', fileVersion: 10.0.26100.9444
C:\WINDOWS\SYSTEM32\dhcpcsvc6.DLL:dhcpcsvc6.DLL (00007FF855B80000), size: 122880 (result: 0), SymType: '-deferred-', PDB: '', fileVersion: 10.0.26100.9549
C:\WINDOWS\SYSTEM32\dhcpcsvc.DLL:dhcpcsvc.DLL (00007FF855AF0000), size: 151552 (result: 0), SymType: '-deferred-', PDB: '', fileVersion: 10.0.26100.9549
C:\WINDOWS\SYSTEM32\DNSAPI.dll:DNSAPI.dll (00007FF85D880000), size: 1409024 (result: 0), SymType: '-deferred-', PDB: '', fileVersion: 10.0.26100.9549
C:\WINDOWS\SYSTEM32\DSPARSE.dll:DSPARSE.dll (00007FF85E0C0000), size: 53248 (result: 0), SymType: '-deferred-', PDB: '', fileVersion: 10.0.26100.1
C:\WINDOWS\system32\napinsp.dll:napinsp.dll (00007FF804EB0000), size: 98304 (result: 0), SymType: '-deferred-', PDB: '', fileVersion: 10.0.26100.1150
C:\WINDOWS\System32\winrnr.dll:winrnr.dll (00007FF804F00000), size: 77824 (result: 0), SymType: '-deferred-', PDB: '', fileVersion: 10.0.26100.9278
C:\WINDOWS\system32\nlansp_c.dll:nlansp_c.dll (00007FF804ED0000), size: 159744 (result: 0), SymType: '-deferred-', PDB: '', fileVersion: 10.0.26100.9549
C:\WINDOWS\system32\wshbth.dll:wshbth.dll (00007FF84ED10000), size: 90112 (result: 0), SymType: '-deferred-', PDB: '', fileVersion: 10.0.26100.9549
C:\WINDOWS\System32\fwpuclnt.dll:fwpuclnt.dll (00007FF856180000), size: 548864 (result: 0), SymType: '-deferred-', PDB: '', fileVersion: 10.0.26100.9549
C:\Windows\System32\rasadhlp.dll:rasadhlp.dll (00007FF853F80000), size: 45056 (result: 0), SymType: '-deferred-', PDB: '', fileVersion: 10.0.26100.7920
C:\Program Files\Unity\Hub\Editor\6000.3.9f1\Editor\AMDUnityPlugin.DLL:AMDUnityPlugin.DLL (00007FFF7CFB0000), size: 8843264 (result: 0), SymType: '-deferred-', PDB: ''
C:\Program Files\Unity\Hub\Editor\6000.3.9f1\Editor\NVUnityPlugin.DLL:NVUnityPlugin.DLL (00007FFF7EE30000), size: 1638400 (result: 0), SymType: '-deferred-', PDB: ''
C:\Program Files\Unity\Hub\Editor\6000.3.9f1\Editor\Data\Tools\astcenc-avx2.dll:astcenc-avx2.dll (00007FFFBD900000), size: 352256 (result: 0), SymType: '-deferred-', PDB: ''
C:\WINDOWS\System32\MMDevApi.dll:MMDevApi.dll (00007FF84BD70000), size: 675840 (result: 0), SymType: '-deferred-', PDB: '', fileVersion: 10.0.26100.9549
C:\WINDOWS\System32\DEVOBJ.dll:DEVOBJ.dll (00007FF85EB90000), size: 192512 (result: 0), SymType: '-deferred-', PDB: '', fileVersion: 10.0.26100.9549
C:\WINDOWS\SYSTEM32\directxdatabasehelper.dll:directxdatabasehelper.dll (00007FF856640000), size: 389120 (result: 0), SymType: '-deferred-', PDB: '', fileVersion: 10.0.26100.9549
C:\WINDOWS\System32\DriverStore\FileRepository\nvmiig.inf_amd64_80052ae0d33b7cd7\nvldumdx.dll:nvldumdx.dll (00007FF83C510000), size: 770048 (result: 0), SymType: '-deferred-', PDB: '', fileVersion: 31.0.15.3667
C:\WINDOWS\SYSTEM32\drvstore.dll:drvstore.dll (00007FF84D190000), size: 1548288 (result: 0), SymType: '-deferred-', PDB: '', fileVersion: 10.0.26100.9549
C:\WINDOWS\SYSTEM32\wldp.dll:wldp.dll (00007FF85E6B0000), size: 528384 (result: 0), SymType: '-deferred-', PDB: '', fileVersion: 10.0.26100.9549
C:\WINDOWS\System32\DriverStore\FileRepository\nvmiig.inf_amd64_80052ae0d33b7cd7\nvwgf2umx.dll:nvwgf2umx.dll (00007FF81A070000), size: 99467264 (result: 0), SymType: '-deferred-', PDB: '', fileVersion: 31.0.15.3667
C:\WINDOWS\System32\DriverStore\FileRepository\nvmiig.inf_amd64_80052ae0d33b7cd7\Display.NvContainer\MessageBus.dll:MessageBus.dll (00007FF837D90000), size: 7565312 (result: 0), SymType: '-deferred-', PDB: '', fileVersion: 1.22.2758.1620
C:\WINDOWS\SYSTEM32\opencl.dll:opencl.dll (00007FFFE94D0000), size: 98304 (result: 0), SymType: '-deferred-', PDB: '', fileVersion: 3.0.6.0
C:\Program Files\Unity\Hub\Editor\6000.3.9f1\Editor\radeonrays.dll:radeonrays.dll (00007FFF9C060000), size: 344064 (result: 0), SymType: '-deferred-', PDB: ''
C:\Program Files\Unity\Hub\Editor\6000.3.9f1\Editor\Data\MonoBleedingEdge\EmbedRuntime\mono-2.0-bdwgc.dll:mono-2.0-bdwgc.dll (00007FFF7AFE0000), size: 10756096 (result: 0), SymType: '-deferred-', PDB: ''
C:\Program Files\Unity\Hub\Editor\6000.3.9f1\Editor\Data\PlaybackEngines\iOSSupport\x64\UnityEditor.iOS.Native.dll:UnityEditor.iOS.Native.dll (00007FF824BF0000), size: 303104 (result: 0), SymType: '-deferred-', PDB: ''
C:\WINDOWS\SYSTEM32\PROPSYS.dll:PROPSYS.dll (00007FF8599E0000), size: 1003520 (result: 0), SymType: '-deferred-', PDB: '', fileVersion: 7.0.26100.9549
C:\Windows\System32\Windows.FileExplorer.Common.dll:Windows.FileExplorer.Common.dll (00007FF821ED0000), size: 794624 (result: 0), SymType: '-deferred-', PDB: '', fileVersion: 10.0.26100.9549
C:\WINDOWS\SYSTEM32\wintypes.dll:wintypes.dll (00007FF855D20000), size: 1482752 (result: 0), SymType: '-deferred-', PDB: '', fileVersion: 10.0.26100.9549
C:\Windows\System32\urlmon.dll:urlmon.dll (00007FF848F00000), size: 1949696 (result: 0), SymType: '-deferred-', PDB: '', fileVersion: 11.0.26100.9549
C:\Windows\System32\iertutil.dll:iertutil.dll (00007FF848980000), size: 2899968 (result: 0), SymType: '-deferred-', PDB: '', fileVersion: 11.0.26100.9549
C:\Windows\System32\srvcli.dll:srvcli.dll (00007FF848950000), size: 167936 (result: 0), SymType: '-deferred-', PDB: '', fileVersion: 10.0.26100.1150
C:\Windows\System32\netutils.dll:netutils.dll (00007FF85D630000), size: 53248 (result: 0), SymType: '-deferred-', PDB: '', fileVersion: 10.0.26100.1882
C:\WINDOWS\SYSTEM32\virtdisk.dll:virtdisk.dll (00007FF84BA40000), size: 94208 (result: 0), SymType: '-deferred-', PDB: '', fileVersion: 10.0.26100.9278
C:\Windows\System32\Windows.StateRepositoryPS.dll:Windows.StateRepositoryPS.dll (00007FF82DF30000), size: 802816 (result: 0), SymType: '-deferred-', PDB: '', fileVersion: 10.0.26100.9444
C:\WINDOWS\SYSTEM32\windows.staterepositoryclient.dll:windows.staterepositoryclient.dll (00007FF848070000), size: 278528 (result: 0), SymType: '-deferred-', PDB: '', fileVersion: 10.0.26100.9444
C:\WINDOWS\SYSTEM32\edputil.dll:edputil.dll (00007FF845B90000), size: 167936 (result: 0), SymType: '-deferred-', PDB: '', fileVersion: 10.0.26100.9278
C:\Windows\System32\cldapi.dll:cldapi.dll (00007FF845170000), size: 196608 (result: 0), SymType: '-deferred-', PDB: '', fileVersion: 10.0.26100.9278
C:\WINDOWS\SYSTEM32\dbghelp.dll:dbghelp.dll (00007FF85C5A0000), size: 2408448 (result: 0), SymType: '-deferred-', PDB: '', fileVersion: 10.0.26100.9549

========== OUTPUTTING STACK TRACE ==================

0x00007FF85F85483A (KERNELBASE) RaiseException
0x00007FFF645629E9 (Unity) EditorMonoConsole::LogToConsoleImplementation
0x00007FFF645636D0 (Unity) EditorMonoConsole::LogToConsoleImplementation
0x00007FFF63523F7D (Unity) DebugStringToFilePostprocessedStacktrace
0x00007FFF635232F9 (Unity) DebugStringToFile
0x00007FFF636F8F92 (Unity) GetManagerFromContext
0x00007FFF65CDC1F0 (Unity) GetAssetImportParametersFromSettingsWithoutCustomDependencies
0x00007FFF65CDC12E (Unity) GetAssetImportParametersFromSettings
0x00007FFF65D34893 (Unity) VerifyAssetImportParametersConsistency
0x00007FFF65D20D5B (Unity) <lambda_5452ac5a9fee84d9980558ea7cd976b2>::operator()
0x00007FFF65D610BF (Unity) asio::detail::completion_handler<core::mutable_function<void __cdecl(void)>,asio::io_context::basic_executor_type<std::allocator<void>,0> >::do_complete
0x00007FFF65D4E9B1 (Unity) asio::detail::win_iocp_io_context::do_one
0x00007FFF65D4FBD4 (Unity) asio::detail::win_iocp_io_context::run
0x00007FFF65D5F729 (Unity) IOService::Run
0x00007FFF65D322EF (Unity) AssetImportWorkerClient::Run
0x00007FFF65CF64B8 (Unity) RunAssetImportWorkerClientV2
0x00007FFF65CF652B (Unity) RunAssetImporterV2
0x00007FFF645D78FF (Unity) Application::InitializeProject
0x00007FFF643CD003 (Unity) UnityMain
0x00007FF624602F2A (Unity) __scrt_common_main_seh
0x00007FF86110CDF7 (KERNEL32) BaseThreadInitThunk
0x00007FF861EFEE4C (ntdll) RtlUserThreadStart

========== END OF STACKTRACE ===========

A crash has been intercepted by the crash handler. For call stack and other details, see the latest crash report generated in:
 * C:/Users/user/AppData/Local/Temp/Unity/Editor/Crashes
