[Licensing::Module] Trying to connect to existing licensing client channel...
Built from '6000.3/staging' branch; Version is '6000.3.9f1 (7a9955a4f2fa) revision 8034645'; Using compiler version '194234433'; Build Type 'Release'
OS: 'Windows 11  (10.0.26200) Professional' Language: 'en' Physical Memory: 32472 MB
BatchMode: 1, IsHumanControllingUs: 0, StartBugReporterOnCrash: 0, Is64bit: 1
[Licensing::IpcConnector] Successfully connected to: "LicenseClient-user" at "2026-09-15T08:49:28.5609687Z"
System  architecture: x64
Process architecture: x64
Date: 2026-09-15T08:49:28Z
[Licensing::Client] Code 10 while verifying Licensing Client signature (process Id: 26660, path: "C:/Program Files/Unity Hub/UnityLicensingClient_V1/Unity.Licensing.Client.exe")
[Licensing::Module] LicensingClient has failed validation; ignoring
[Licensing::Client] Handshaking with LicensingClient:
  Version:                 1.18.3+d7ffd15
  Session Id:              3fa428df22484d31b6a0932de77973c3
  Correlation Id:          4017047009a67b86b8b742584fddf992
  External correlation Id: 1754905547073487674
  Machine Id:              VGd80PZ9QyCw0HDVca4dGQUCKdA=
[Licensing::Module] Successfully connected to LicensingClient on channel: "LicenseClient-user" (connect: 0.00s, validation: 0.00s, handshake: 0.06s)
[Licensing::IpcConnector] Successfully connected to: "LicenseClient-user-notifications" at "2026-09-15T08:49:28.6255258Z"
[Licensing::Module] Licensing Background thread has ended after 0.07s

COMMAND LINE ARGUMENTS:
C:\Program Files\Unity\Hub\Editor\6000.3.9f1\Editor\Unity.exe
-adb2
-batchMode
-noUpm
-name
AssetImportWorker5
-projectPath
D:/UnityProjects/DinoRunner
-logFile
Logs/AssetImportWorker5.log
-srvPort
52672
-licensingIpc
LicenseClient-user
-job-worker-count
7
-background-job-worker-count
8
-gc-helper-count
1
-name
AssetImport
Successfully changed project path to: D:/UnityProjects/DinoRunner
D:/UnityProjects/DinoRunner
[UnityMemory] Configuration Parameters - Can be set up in boot.config
    "memorysetup-temp-allocator-size-nav-mesh-worker=65536"
    "memorysetup-temp-allocator-size-audio-worker=65536"
    "memorysetup-temp-allocator-size-gfx=262144"
    "memorysetup-allocator-temp-initial-block-size-main=262144"
    "memorysetup-allocator-temp-initial-block-size-worker=262144"
    "memorysetup-temp-allocator-size-background-worker=32768"
    "memorysetup-temp-allocator-size-job-worker=262144"
    "memorysetup-temp-allocator-size-preload-manager=33554432"
    "memorysetup-temp-allocator-size-gi-baking-worker=262144"
    "memorysetup-temp-allocator-size-gi-baking-worker=262144"
    "memorysetup-temp-allocator-size-gi-baking-worker=262144"
    "memorysetup-temp-allocator-size-gi-baking-worker=262144"
    "memorysetup-temp-allocator-size-gi-baking-worker=262144"
    "memorysetup-bucket-allocator-granularity=16"
    "memorysetup-bucket-allocator-bucket-count=8"
    "memorysetup-bucket-allocator-block-size=33554432"
    "memorysetup-bucket-allocator-block-count=8"
    "memorysetup-main-allocator-block-size=16777216"
    "memorysetup-thread-allocator-block-size=16777216"
    "memorysetup-gfx-main-allocator-block-size=16777216"
    "memorysetup-gfx-thread-allocator-block-size=16777216"
    "memorysetup-cache-allocator-block-size=4194304"
    "memorysetup-typetree-allocator-block-size=2097152"
    "memorysetup-profiler-bucket-allocator-granularity=16"
    "memorysetup-profiler-bucket-allocator-bucket-count=8"
    "memorysetup-profiler-bucket-allocator-block-size=33554432"
    "memorysetup-profiler-bucket-allocator-block-count=8"
    "memorysetup-profiler-allocator-block-size=16777216"
    "memorysetup-profiler-editor-allocator-block-size=1048576"
    "memorysetup-temp-allocator-size-main=16777216"
    "memorysetup-job-temp-allocator-block-size=2097152"
    "memorysetup-job-temp-allocator-block-size-background=1048576"
    "memorysetup-job-temp-allocator-reduction-small-platforms=262144"
    "memorysetup-temp-allocator-size-cloud-worker=32768"
Player connection [29700]  Target information:

Player connection [29700]  * "[IP] 192.168.1.102 [Port] 0 [Flags] 2 [Guid] 2061333541 [EditorId] 2061333541 [Version] 1048832 [Id] WindowsEditor(7,fa1010011010LT) [Debug] 1 [PackageName] WindowsEditor [ProjectName] Editor" 

Player connection [29700] Host joined multi-casting on [225.0.0.222:54997]...
Player connection [29700] Host joined alternative multi-casting on [225.0.0.222:34997]...
JobSystem: Creating JobQueue using job-worker-count value 7
Input System module state changed to: Initialized.
[Physics::Module] Initialized fallback backend.
[Physics::Module] Id: 0xdecafbad
Library Redirect Path: Library/
[Physics::Module] Selected backend.
[Physics::Module] Name: PhysX
[Physics::Module] Id: 0xf2b8ea05
[Physics::Module] SDK Version: 4.1.2
[Physics::Module] Integration Version: 1.0.0
[Physics::Module] Threading Mode: Multi-Threaded
Active build profile path: `Assets/Settings/Build Profiles/Web.asset`
Got setting from build profile YAML, name `Color Space`, value `0`
Got setting from build profile YAML, name `m_BuildTarget`, value `20`
Got setting from build profile YAML, name `m_Subtarget`, value `0`
Refreshing native plugins compatible for Editor in 1.70 ms, found 3 plugins.
Preloading 0 native plugins for Editor in 0.00 ms.
Initialize engine version: 6000.3.9f1 (7a9955a4f2fa)
[Subsystems] Discovering subsystems at path C:/Program Files/Unity/Hub/Editor/6000.3.9f1/Editor/Data/Resources/UnitySubsystems
[Subsystems] Discovering subsystems at path D:/UnityProjects/DinoRunner/Assets
GfxDevice: creating device client; kGfxThreadingModeNonThreaded
Got setting from build profile YAML, name `Color Space`, value `0`
Got setting from build profile YAML, name `Color Space`, value `0`
Got setting from build profile YAML, name `Color Space`, value `0`
Got setting from build profile YAML, name `Color Space`, value `0`
Direct3D:
    Version:  Direct3D 11.0 [level 11.1]
    Renderer: NVIDIA GeForce RTX 3060 Laptop GPU (ID=0x2520)
    Vendor:   NVIDIA
    VRAM:     6009 MB
    Driver:   31.0.15.3667
Got setting from build profile YAML, name `Color Space`, value `0`
Got setting from build profile YAML, name `Color Space`, value `0`
Got setting from build profile YAML, name `Color Space`, value `0`
Got setting from build profile YAML, name `Color Space`, value `0`
Got setting from build profile YAML, name `Color Space`, value `0`
Got setting from build profile YAML, name `Color Space`, value `0`
Got setting from build profile YAML, name `Color Space`, value `0`
Got setting from build profile YAML, name `Color Space`, value `0`
Got setting from build profile YAML, name `Color Space`, value `0`
Got setting from build profile YAML, name `Color Space`, value `0`
Got setting from build profile YAML, name `Color Space`, value `0`
Got setting from build profile YAML, name `Color Space`, value `0`
Got setting from build profile YAML, name `Color Space`, value `0`
Got setting from build profile YAML, name `Color Space`, value `0`
Got setting from build profile YAML, name `Color Space`, value `0`
Got setting from build profile YAML, name `Color Space`, value `0`
Got setting from build profile YAML, name `Color Space`, value `0`
Got setting from build profile YAML, name `Color Space`, value `0`
Got setting from build profile YAML, name `Color Space`, value `0`
Got setting from build profile YAML, name `Color Space`, value `0`
Got setting from build profile YAML, name `Color Space`, value `0`
Got setting from build profile YAML, name `Color Space`, value `0`
Got setting from build profile YAML, name `Color Space`, value `0`
Got setting from build profile YAML, name `Color Space`, value `0`
Got setting from build profile YAML, name `Color Space`, value `0`
Got setting from build profile YAML, name `Color Space`, value `0`
Got setting from build profile YAML, name `Color Space`, value `0`
Got setting from build profile YAML, name `Color Space`, value `0`
Got setting from build profile YAML, name `Color Space`, value `0`
Got setting from build profile YAML, name `Color Space`, value `0`
Got setting from build profile YAML, name `Color Space`, value `0`
Got setting from build profile YAML, name `Color Space`, value `0`
Got setting from build profile YAML, name `Color Space`, value `0`
Got setting from build profile YAML, name `Color Space`, value `0`
Got setting from build profile YAML, name `Color Space`, value `0`
Got setting from build profile YAML, name `Color Space`, value `0`
Got setting from build profile YAML, name `Color Space`, value `0`
Got setting from build profile YAML, name `Color Space`, value `0`
Got setting from build profile YAML, name `Color Space`, value `0`
Got setting from build profile YAML, name `Color Space`, value `0`
Got setting from build profile YAML, name `Color Space`, value `0`
Got setting from build profile YAML, name `Color Space`, value `0`
Got setting from build profile YAML, name `Color Space`, value `0`
Got setting from build profile YAML, name `Color Space`, value `0`
Got setting from build profile YAML, name `Color Space`, value `0`
Got setting from build profile YAML, name `Color Space`, value `0`
Got setting from build profile YAML, name `Color Space`, value `0`
Got setting from build profile YAML, name `Color Space`, value `0`
Got setting from build profile YAML, name `Color Space`, value `0`
Got setting from build profile YAML, name `Color Space`, value `0`
Got setting from build profile YAML, name `Color Space`, value `0`
Got setting from build profile YAML, name `Color Space`, value `0`
Got setting from build profile YAML, name `Color Space`, value `0`
Got setting from build profile YAML, name `Color Space`, value `0`
Got setting from build profile YAML, name `Color Space`, value `0`
Got setting from build profile YAML, name `Color Space`, value `0`
Got setting from build profile YAML, name `Color Space`, value `0`
Got setting from build profile YAML, name `Color Space`, value `0`
Got setting from build profile YAML, name `Color Space`, value `0`
Got setting from build profile YAML, name `Color Space`, value `0`
Got setting from build profile YAML, name `Color Space`, value `0`
Got setting from build profile YAML, name `Color Space`, value `0`
Got setting from build profile YAML, name `Color Space`, value `0`
Got setting from build profile YAML, name `Color Space`, value `0`
Got setting from build profile YAML, name `Color Space`, value `0`
Got setting from build profile YAML, name `Color Space`, value `0`
Got setting from build profile YAML, name `Color Space`, value `0`
Got setting from build profile YAML, name `Color Space`, value `0`
Got setting from build profile YAML, name `Color Space`, value `0`
Got setting from build profile YAML, name `Color Space`, value `0`
Got setting from build profile YAML, name `Color Space`, value `0`
Got setting from build profile YAML, name `Color Space`, value `0`
Got setting from build profile YAML, name `Color Space`, value `0`
Got setting from build profile YAML, name `Color Space`, value `0`
Got setting from build profile YAML, name `Color Space`, value `0`
Got setting from build profile YAML, name `Color Space`, value `0`
Got setting from build profile YAML, name `Color Space`, value `0`
Got setting from build profile YAML, name `Color Space`, value `0`
Got setting from build profile YAML, name `Color Space`, value `0`
Got setting from build profile YAML, name `Color Space`, value `0`
Got setting from build profile YAML, name `Color Space`, value `0`
Got setting from build profile YAML, name `Color Space`, value `0`
Got setting from build profile YAML, name `Color Space`, value `0`
Got setting from build profile YAML, name `Color Space`, value `0`
Got setting from build profile YAML, name `Color Space`, value `0`
Got setting from build profile YAML, name `Color Space`, value `0`
Got setting from build profile YAML, name `Color Space`, value `0`
Got setting from build profile YAML, name `Color Space`, value `0`
Got setting from build profile YAML, name `Color Space`, value `0`
Got setting from build profile YAML, name `Color Space`, value `0`
Got setting from build profile YAML, name `Color Space`, value `0`
Got setting from build profile YAML, name `Color Space`, value `0`
Got setting from build profile YAML, name `Color Space`, value `0`
Got setting from build profile YAML, name `Color Space`, value `0`
Got setting from build profile YAML, name `Color Space`, value `0`
Got setting from build profile YAML, name `Color Space`, value `0`
Got setting from build profile YAML, name `Color Space`, value `0`
Got setting from build profile YAML, name `Color Space`, value `0`
Got setting from build profile YAML, name `Color Space`, value `0`
Got setting from build profile YAML, name `Color Space`, value `0`
Got setting from build profile YAML, name `Color Space`, value `0`
Got setting from build profile YAML, name `Color Space`, value `0`
Got setting from build profile YAML, name `Color Space`, value `0`
Got setting from build profile YAML, name `Color Space`, value `0`
Got setting from build profile YAML, name `Color Space`, value `0`
Got setting from build profile YAML, name `Color Space`, value `0`
Got setting from build profile YAML, name `Color Space`, value `0`
Got setting from build profile YAML, name `Color Space`, value `0`
Got setting from build profile YAML, name `Color Space`, value `0`
Got setting from build profile YAML, name `Color Space`, value `0`
Got setting from build profile YAML, name `Color Space`, value `0`
Got setting from build profile YAML, name `Color Space`, value `0`
Got setting from build profile YAML, name `Color Space`, value `0`
Initialize mono
Mono path[0] = 'C:/Program Files/Unity/Hub/Editor/6000.3.9f1/Editor/Data/Managed'
Mono path[1] = 'C:/Program Files/Unity/Hub/Editor/6000.3.9f1/Editor/Data/MonoBleedingEdge/lib/mono/unityjit-win32'
Mono config path = 'C:/Program Files/Unity/Hub/Editor/6000.3.9f1/Editor/Data/MonoBleedingEdge/etc'
Using monoOptions --debugger-agent=transport=dt_socket,embedding=1,server=y,suspend=n,address=127.0.0.1:56072
Begin MonoManager ReloadAssembly
Registering precompiled unity dll's ...
Register platform support module: C:/Program Files/Unity/Hub/Editor/6000.3.9f1/Editor/Data/PlaybackEngines/WebGLSupport/UnityEditor.WebGL.Extensions.dll
Register platform support module: C:/Program Files/Unity/Hub/Editor/6000.3.9f1/Editor/Data/PlaybackEngines/MacStandaloneSupport/UnityEditor.OSXStandalone.Extensions.dll
Register platform support module: C:/Program Files/Unity/Hub/Editor/6000.3.9f1/Editor/Data/PlaybackEngines/WindowsStandaloneSupport/UnityEditor.WindowsStandalone.Extensions.dll
[Licensing::Client] Successfully resolved entitlement details
[Licensing::Module] License group:
  Id: 10170606280880-UnityPersXXXX
  Product: Unity Personal
  Type: Assigned
  Expiration: Unlimited
Register platform support module: C:/Program Files/Unity/Hub/Editor/6000.3.9f1/Editor/Data/PlaybackEngines/MetroSupport/UnityEditor.UWP.Extensions.dll
[Licensing::Client] Successfully resolved entitlement details
Register platform support module: C:/Program Files/Unity/Hub/Editor/6000.3.9f1/Editor/Data/PlaybackEngines/AndroidPlayer/UnityEditor.Android.Extensions.dll
[Licensing::Client] Successfully resolved entitlement details
Register platform support module: C:/Program Files/Unity/Hub/Editor/6000.3.9f1/Editor/Data/PlaybackEngines/iOSSupport/UnityEditor.iOS.Extensions.dll
Registered in 0.014002 seconds.
- Loaded All Assemblies, in  0.403 seconds
[usbmuxd] Start listen thread
[usbmuxd] Listen thread started
Native extension for iOS target not found
Native extension for Android target not found
Android Extension - Scanning For ADB Devices 222 ms
Native extension for UWP target not found
Native extension for WindowsStandalone target not found
Native extension for OSXStandalone target not found
Native extension for WebGL target not found
Got setting from build profile YAML, name `Color Space`, value `0`
Got setting from build profile YAML, name `Color Space`, value `0`
Got setting from build profile YAML, name `Color Space`, value `0`
Got setting from build profile YAML, name `Color Space`, value `0`
Got setting from build profile YAML, name `Color Space`, value `0`
Got setting from build profile YAML, name `Color Space`, value `0`
Got setting from build profile YAML, name `Color Space`, value `0`
Got setting from build profile YAML, name `Color Space`, value `0`
Got setting from build profile YAML, name `Color Space`, value `0`
Got setting from build profile YAML, name `Color Space`, value `0`
Got setting from build profile YAML, name `Color Space`, value `0`
Got setting from build profile YAML, name `Color Space`, value `0`
Got setting from build profile YAML, name `Color Space`, value `0`
Got setting from build profile YAML, name `Color Space`, value `0`
Got setting from build profile YAML, name `Color Space`, value `0`
Got setting from build profile YAML, name `Color Space`, value `0`
Got setting from build profile YAML, name `Color Space`, value `0`
Got setting from build profile YAML, name `Color Space`, value `0`
Got setting from build profile YAML, name `Color Space`, value `0`
Got setting from build profile YAML, name `Color Space`, value `0`
Got setting from build profile YAML, name `Color Space`, value `0`
Got setting from build profile YAML, name `Color Space`, value `0`
Got setting from build profile YAML, name `Color Space`, value `0`
Got setting from build profile YAML, name `Color Space`, value `0`
Got setting from build profile YAML, name `Color Space`, value `0`
Got setting from build profile YAML, name `Color Space`, value `0`
Got setting from build profile YAML, name `Color Space`, value `0`
Got setting from build profile YAML, name `Color Space`, value `0`
Got setting from build profile YAML, name `Color Space`, value `0`
Got setting from build profile YAML, name `Color Space`, value `0`
Got setting from build profile YAML, name `Color Space`, value `0`
Got setting from build profile YAML, name `Color Space`, value `0`
Got setting from build profile YAML, name `Color Space`, value `0`
Got setting from build profile YAML, name `Color Space`, value `0`
Got setting from build profile YAML, name `Color Space`, value `0`
Got setting from build profile YAML, name `Color Space`, value `0`
Got setting from build profile YAML, name `Color Space`, value `0`
Got setting from build profile YAML, name `Color Space`, value `0`
Got setting from build profile YAML, name `Color Space`, value `0`
Got setting from build profile YAML, name `Color Space`, value `0`
Got setting from build profile YAML, name `Color Space`, value `0`
Got setting from build profile YAML, name `Color Space`, value `0`
Got setting from build profile YAML, name `Color Space`, value `0`
Got setting from build profile YAML, name `Color Space`, value `0`
Got setting from build profile YAML, name `Color Space`, value `0`
Got setting from build profile YAML, name `Color Space`, value `0`
Got setting from build profile YAML, name `Color Space`, value `0`
Got setting from build profile YAML, name `Color Space`, value `0`
Got setting from build profile YAML, name `Color Space`, value `0`
Got setting from build profile YAML, name `Color Space`, value `0`
Got setting from build profile YAML, name `Color Space`, value `0`
Got setting from build profile YAML, name `Color Space`, value `0`
Got setting from build profile YAML, name `Color Space`, value `0`
Got setting from build profile YAML, name `Color Space`, value `0`
Got setting from build profile YAML, name `Color Space`, value `0`
Got setting from build profile YAML, name `Color Space`, value `0`
Got setting from build profile YAML, name `Color Space`, value `0`
Got setting from build profile YAML, name `Color Space`, value `0`
Got setting from build profile YAML, name `Color Space`, value `0`
Got setting from build profile YAML, name `Color Space`, value `0`
Got setting from build profile YAML, name `Color Space`, value `0`
Got setting from build profile YAML, name `Color Space`, value `0`
Got setting from build profile YAML, name `Color Space`, value `0`
Got setting from build profile YAML, name `Color Space`, value `0`
Got setting from build profile YAML, name `Color Space`, value `0`
Got setting from build profile YAML, name `Color Space`, value `0`
ScheduleIndexationOnStartup MainProcess:False IndexOnStartup:True
Mono: successfully reloaded assembly
- Finished resetting the current domain, in  0.700 seconds
Domain Reload Profiling: 1101ms
	BeginReloadAssembly (105ms)
		ExecutionOrderSort (0ms)
		DisableScriptedObjects (0ms)
		BackupInstance (0ms)
		ReleaseScriptingObjects (0ms)
		CreateAndSetChildDomain (1ms)
	RebuildCommonClasses (39ms)
	RebuildNativeTypeToScriptingClass (12ms)
	initialDomainReloadingComplete (66ms)
	LoadAllAssembliesAndSetupDomain (179ms)
		LoadAssemblies (103ms)
		RebuildTransferFunctionScriptingTraits (0ms)
		AnalyzeDomain (174ms)
			TypeCache.Refresh (172ms)
				TypeCache.ScanAssembly (159ms)
			BuildScriptInfoCaches (0ms)
			ResolveRequiredComponents (0ms)
	FinalizeReload (701ms)
		ReleaseScriptCaches (0ms)
		RebuildScriptCaches (0ms)
		SetupLoadedEditorAssemblies (660ms)
			LogAssemblyErrors (0ms)
			InitializePlatformSupportModulesInManaged (335ms)
			SetLoadedEditorAssemblies (4ms)
			BeforeProcessingInitializeOnLoad (97ms)
			ProcessInitializeOnLoadAttributes (151ms)
			ProcessInitializeOnLoadMethodAttributes (72ms)
			AfterProcessingInitializeOnLoad (0ms)
			EditorAssembliesLoaded (0ms)
		ExecutionOrderSort2 (0ms)
		AwakeInstancesAfterBackupRestoration (0ms)
========================================================================
Worker process is ready to serve import requests
Import Worker Mode flag is 0x00
Begin MonoManager ReloadAssembly
Got setting from build profile YAML, name `m_Development`, value `0`
[Licensing::Client] Successfully resolved entitlement details
Got setting from build profile YAML, name `Color Space`, value `0`
Got setting from build profile YAML, name `Color Space`, value `0`
Launched and connected shader compiler UnityShaderCompiler.exe after 0.01 seconds
- Loaded All Assemblies, in  0.719 seconds
Refreshing native plugins compatible for Editor in 0.53 ms, found 3 plugins.
Native extension for iOS target not found
Native extension for Android target not found
Native extension for UWP target not found
Native extension for WindowsStandalone target not found
Native extension for OSXStandalone target not found
Native extension for WebGL target not found
Package Manager log level set to [2]
[Package Manager] Failed to launch server process. Reason: Unity was launched with the -noUpm command-line argument
[Package Manager] Unable to send message (not connected to server process).
[Package Manager] Cannot connect to Unity Package Manager local server
ScheduleIndexationOnStartup MainProcess:False IndexOnStartup:True
Mono: successfully reloaded assembly
- Finished resetting the current domain, in  0.718 seconds
Domain Reload Profiling: 1436ms
	BeginReloadAssembly (274ms)
		ExecutionOrderSort (0ms)
		DisableScriptedObjects (99ms)
		BackupInstance (0ms)
		ReleaseScriptingObjects (0ms)
		CreateAndSetChildDomain (30ms)
	RebuildCommonClasses (34ms)
	RebuildNativeTypeToScriptingClass (12ms)
	initialDomainReloadingComplete (32ms)
	LoadAllAssembliesAndSetupDomain (365ms)
		LoadAssemblies (292ms)
		RebuildTransferFunctionScriptingTraits (0ms)
		AnalyzeDomain (143ms)
			TypeCache.Refresh (110ms)
				TypeCache.ScanAssembly (96ms)
			BuildScriptInfoCaches (26ms)
			ResolveRequiredComponents (3ms)
	FinalizeReload (719ms)
		ReleaseScriptCaches (0ms)
		RebuildScriptCaches (0ms)
		SetupLoadedEditorAssemblies (593ms)
			LogAssemblyErrors (0ms)
			InitializePlatformSupportModulesInManaged (12ms)
			SetLoadedEditorAssemblies (4ms)
			BeforeProcessingInitializeOnLoad (158ms)
			ProcessInitializeOnLoadAttributes (361ms)
			ProcessInitializeOnLoadMethodAttributes (53ms)
			AfterProcessingInitializeOnLoad (5ms)
			EditorAssembliesLoaded (0ms)
		ExecutionOrderSort2 (0ms)
		AwakeInstancesAfterBackupRestoration (20ms)
Refreshing native plugins compatible for Editor in 0.59 ms, found 3 plugins.
Preloading 0 native plugins for Editor in 0.00 ms.
Unloading 0 Unused Serialized files (Serialized files now loaded: 0)
Unloading 2943 unused Assets / (0.9 MB). Loaded Objects now: 3580.
Memory consumption went from 91.4 MB to 90.5 MB.
Total: 7.001900 ms (FindLiveObjects: 0.413600 ms CreateObjectMapping: 0.218000 ms MarkObjects: 5.485500 ms  DeleteObjects: 0.883600 ms)

========================================================================
Received Import Request.
  Time since last request: 185378.616586 seconds.
  path: Assets/TWD/FreeButtonSet/Textures/icons/256x256/arrow_right.png
  artifactKey: Guid(841ae3188ba4d9746ba4f4ed86597a98) Importer(815301076,1909f56bfc062723c751e8b465ee728b)
Start importing Assets/TWD/FreeButtonSet/Textures/icons/256x256/arrow_right.png using Guid(841ae3188ba4d9746ba4f4ed86597a98) Importer(815301076,1909f56bfc062723c751e8b465ee728b) (PreviewImporter) -> (artifact id: 'bfb9eabb20eb75d239d5fb28c8dbcc98') in 0.1051989 seconds
Number of updated asset objects reloaded before import = 0Number of asset objects unloaded after import = 3

========================================================================
Received Import Request.
  Time since last request: 0.000042 seconds.
  path: Assets/Sprites/RIX/images_blokers/bloker_verh3.png
  artifactKey: Guid(90e88269f1907aa4082c36928f326e93) Importer(815301076,1909f56bfc062723c751e8b465ee728b)
Start importing Assets/Sprites/RIX/images_blokers/bloker_verh3.png using Guid(90e88269f1907aa4082c36928f326e93) Importer(815301076,1909f56bfc062723c751e8b465ee728b) (PreviewImporter) -> (artifact id: '5b4d9bacf30aa99a75dad1b8565671ad') in 0.020093 seconds
Number of updated asset objects reloaded before import = 0Number of asset objects unloaded after import = 3

========================================================================
Received Import Request.
  Time since last request: 0.000032 seconds.
  path: Assets/TWD/FreeButtonSet/Textures/buttons/button_50_hover.png
  artifactKey: Guid(c49dec645e591114caac11d081103cfc) Importer(815301076,1909f56bfc062723c751e8b465ee728b)
Start importing Assets/TWD/FreeButtonSet/Textures/buttons/button_50_hover.png using Guid(c49dec645e591114caac11d081103cfc) Importer(815301076,1909f56bfc062723c751e8b465ee728b) (PreviewImporter) -> (artifact id: '20390dbe4765ee86b0f25971079c9acf') in 0.0200925 seconds
Number of updated asset objects reloaded before import = 0Number of asset objects unloaded after import = 3

========================================================================
Received Import Request.
  Time since last request: 0.000018 seconds.
  path: Assets/Sprites/Back B.png
  artifactKey: Guid(56ea801d18819dd4eb62926f1c7c4a15) Importer(815301076,1909f56bfc062723c751e8b465ee728b)
Start importing Assets/Sprites/Back B.png using Guid(56ea801d18819dd4eb62926f1c7c4a15) Importer(815301076,1909f56bfc062723c751e8b465ee728b) (PreviewImporter) -> (artifact id: '1f4bcbbb14531b6c84b9e9abf072e4b1') in 0.0177442 seconds
Number of updated asset objects reloaded before import = 0Number of asset objects unloaded after import = 3

========================================================================
Received Import Request.
  Time since last request: 0.000033 seconds.
  path: Assets/TWD/FreeButtonSet/Textures/buttons/button_100_inactive.png
  artifactKey: Guid(4c451a92bf2ef6c418771224768fd42a) Importer(815301076,1909f56bfc062723c751e8b465ee728b)
Start importing Assets/TWD/FreeButtonSet/Textures/buttons/button_100_inactive.png using Guid(4c451a92bf2ef6c418771224768fd42a) Importer(815301076,1909f56bfc062723c751e8b465ee728b) (PreviewImporter) -> (artifact id: '15424dc6117869cda7fa24043ce63880') in 0.0161474 seconds
Number of updated asset objects reloaded before import = 0Number of asset objects unloaded after import = 3

========================================================================
Received Import Request.
  Time since last request: 0.043603 seconds.
  path: Assets/Sprites/ButtonBase.png
  artifactKey: Guid(d53b225d776d553418f7ddfd13a61941) Importer(815301076,1909f56bfc062723c751e8b465ee728b)
Start importing Assets/Sprites/ButtonBase.png using Guid(d53b225d776d553418f7ddfd13a61941) Importer(815301076,1909f56bfc062723c751e8b465ee728b) (PreviewImporter) -> (artifact id: 'fb8e50c816a8151da7fc559154771c3b') in 0.0162569 seconds
Number of updated asset objects reloaded before import = 0Number of asset objects unloaded after import = 3

========================================================================
Received Import Request.
  Time since last request: 0.000034 seconds.
  path: Assets/TWD/FreeButtonSet/Textures/icons/256x256/checkmark.png
  artifactKey: Guid(9cd6991b040b7fb40808e500b041d545) Importer(815301076,1909f56bfc062723c751e8b465ee728b)
Start importing Assets/TWD/FreeButtonSet/Textures/icons/256x256/checkmark.png using Guid(9cd6991b040b7fb40808e500b041d545) Importer(815301076,1909f56bfc062723c751e8b465ee728b) (PreviewImporter) -> (artifact id: 'b37cb3aeef92d49558ff034735062753') in 0.0155227 seconds
Number of updated asset objects reloaded before import = 0Number of asset objects unloaded after import = 3

========================================================================
Received Import Request.
  Time since last request: 0.000084 seconds.
  path: Assets/Sprites/Clouds_far.png
  artifactKey: Guid(e58b8914f1dee8b4e8e3885d7dd69803) Importer(815301076,1909f56bfc062723c751e8b465ee728b)
Start importing Assets/Sprites/Clouds_far.png using Guid(e58b8914f1dee8b4e8e3885d7dd69803) Importer(815301076,1909f56bfc062723c751e8b465ee728b) (PreviewImporter) -> (artifact id: 'aeb8e9d89f6f419846383f934f9017c9') in 0.016958 seconds
Number of updated asset objects reloaded before import = 0Number of asset objects unloaded after import = 3

========================================================================
Received Import Request.
  Time since last request: 0.000031 seconds.
  path: Assets/Sprites/Clouds_near.png
  artifactKey: Guid(b744ebaad8b4f1542b4fd23ee29a06ef) Importer(815301076,1909f56bfc062723c751e8b465ee728b)
Start importing Assets/Sprites/Clouds_near.png using Guid(b744ebaad8b4f1542b4fd23ee29a06ef) Importer(815301076,1909f56bfc062723c751e8b465ee728b) (PreviewImporter) -> (artifact id: '05cb80d0385053fd3f4da89fcb6495c3') in 0.0153445 seconds
Number of updated asset objects reloaded before import = 0Number of asset objects unloaded after import = 3

========================================================================
Received Import Request.
  Time since last request: 0.779214 seconds.
  path: Assets/Sprites/PauseBtn.png
  artifactKey: Guid(31a7f5f8c84df1742a60210a291394f4) Importer(815301076,1909f56bfc062723c751e8b465ee728b)
Start importing Assets/Sprites/PauseBtn.png using Guid(31a7f5f8c84df1742a60210a291394f4) Importer(815301076,1909f56bfc062723c751e8b465ee728b) (PreviewImporter) -> (artifact id: '57b9441601915417e62675cb3dab02fb') in 0.0239139 seconds
Number of updated asset objects reloaded before import = 0Number of asset objects unloaded after import = 3

